Component: ARM Compiler 5.06 update 5 (build 528) Tool: armlink [4d35e2]

==============================================================================

Section Cross References

    main.o(i.app_main) refers to printf1.o(i.__0printf$1) for __2printf
    main.o(i.app_main) refers to stm32f10x_rcc.o(i.RCC_APB2PeriphClockCmd) for RCC_APB2PeriphClockCmd
    main.o(i.app_main) refers to stm32f10x_gpio.o(i.GPIO_Init) for GPIO_Init
    main.o(i.app_main) refers to stm32f10x_rcc.o(i.RCC_ADCCLKConfig) for RCC_ADCCLKConfig
    main.o(i.app_main) refers to stm32f10x_adc.o(i.ADC_DeInit) for ADC_DeInit
    main.o(i.app_main) refers to stm32f10x_adc.o(i.ADC_Init) for ADC_Init
    main.o(i.app_main) refers to stm32f10x_adc.o(i.ADC_TempSensorVrefintCmd) for ADC_TempSensorVrefintCmd
    main.o(i.app_main) refers to stm32f10x_adc.o(i.ADC_Cmd) for ADC_Cmd
    main.o(i.app_main) refers to stm32f10x_adc.o(i.ADC_ResetCalibration) for ADC_ResetCalibration
    main.o(i.app_main) refers to stm32f10x_adc.o(i.ADC_GetResetCalibrationStatus) for ADC_GetResetCalibrationStatus
    main.o(i.app_main) refers to stm32f10x_adc.o(i.ADC_StartCalibration) for ADC_StartCalibration
    main.o(i.app_main) refers to stm32f10x_adc.o(i.ADC_GetCalibrationStatus) for ADC_GetCalibrationStatus
    main.o(i.app_main) refers to stm32f10x_adc.o(i.ADC_RegularChannelConfig) for ADC_RegularChannelConfig
    main.o(i.app_main) refers to stm32f10x_adc.o(i.ADC_SoftwareStartConvCmd) for ADC_SoftwareStartConvCmd
    main.o(i.app_main) refers to stm32f10x_adc.o(i.ADC_GetFlagStatus) for ADC_GetFlagStatus
    main.o(i.app_main) refers to stm32f10x_adc.o(i.ADC_GetConversionValue) for ADC_GetConversionValue
    main.o(i.app_main) refers to stm32f10x_adc.o(i.ADC_ClearFlag) for ADC_ClearFlag
    main.o(i.app_main) refers to system_stm32f10x.o(.data) for SystemCoreClock
    main.o(i.app_main) refers to main.o(.data) for .data
    main.o(i.main) refers to system_stm32f10x.o(i.SystemCoreClockUpdate) for SystemCoreClockUpdate
    main.o(i.main) refers to rtx_kernel.o(i.osKernelInitialize) for osKernelInitialize
    main.o(i.main) refers to rtx_thread.o(i.osThreadNew) for osThreadNew
    main.o(i.main) refers to rtx_kernel.o(i.osKernelStart) for osKernelStart
    main.o(i.main) refers to main.o(i.app_main) for app_main
    irq_cm3.o(.text) refers to rtx_system.o(i.osRtxPendSV_Handler) for osRtxPendSV_Handler
    irq_cm3.o(.text) refers to rtx_system.o(i.osRtxTick_Handler) for osRtxTick_Handler
    irq_cm3.o(.text) refers to rtx_kernel.o(.data.os) for osRtxInfo
    irq_cm3.o(.text) refers to rtx_lib.o(.constdata) for osRtxUserSVC
    rtx_delay.o(i.osDelay) refers to rtx_evr.o(i.EvrRtxThreadDelay) for EvrRtxThreadDelay
    rtx_delay.o(i.osDelay) refers to rtx_evr.o(i.EvrRtxThreadError) for EvrRtxThreadError
    rtx_delay.o(i.osDelay) refers to rtx_delay.o(i.svcRtxDelay) for svcRtxDelay
    rtx_delay.o(i.osDelayUntil) refers to rtx_evr.o(i.EvrRtxThreadDelayUntil) for EvrRtxThreadDelayUntil
    rtx_delay.o(i.osDelayUntil) refers to rtx_evr.o(i.EvrRtxThreadError) for EvrRtxThreadError
    rtx_delay.o(i.osDelayUntil) refers to rtx_delay.o(i.svcRtxDelayUntil) for svcRtxDelayUntil
    rtx_delay.o(i.svcRtxDelay) refers to rtx_thread.o(i.osRtxThreadWaitEnter) for osRtxThreadWaitEnter
    rtx_delay.o(i.svcRtxDelayUntil) refers to rtx_evr.o(i.EvrRtxThreadError) for EvrRtxThreadError
    rtx_delay.o(i.svcRtxDelayUntil) refers to rtx_thread.o(i.osRtxThreadWaitEnter) for osRtxThreadWaitEnter
    rtx_delay.o(i.svcRtxDelayUntil) refers to rtx_kernel.o(.data.os) for osRtxInfo
    rtx_evflags.o(i.EventFlagsCheck) refers to rtx_evflags.o(.emb_text) for __asm___13_rtx_evflags_c_736f7bde__atomic_chk32_all
    rtx_evflags.o(i.EventFlagsClear) refers to rtx_evflags.o(.emb_text) for __asm___13_rtx_evflags_c_736f7bde__atomic_clr32
    rtx_evflags.o(i.EventFlagsSet) refers to rtx_evflags.o(.emb_text) for __asm___13_rtx_evflags_c_736f7bde__atomic_set32
    rtx_evflags.o(i.osEventFlagsClear) refers to rtx_evr.o(i.EvrRtxEventFlagsClear) for EvrRtxEventFlagsClear
    rtx_evflags.o(i.osEventFlagsClear) refers to rtx_evflags.o(i.svcRtxEventFlagsClear) for svcRtxEventFlagsClear
    rtx_evflags.o(i.osEventFlagsDelete) refers to rtx_evr.o(i.EvrRtxEventFlagsDelete) for EvrRtxEventFlagsDelete
    rtx_evflags.o(i.osEventFlagsDelete) refers to rtx_evr.o(i.EvrRtxEventFlagsError) for EvrRtxEventFlagsError
    rtx_evflags.o(i.osEventFlagsDelete) refers to rtx_evflags.o(i.svcRtxEventFlagsDelete) for svcRtxEventFlagsDelete
    rtx_evflags.o(i.osEventFlagsGet) refers to rtx_evflags.o(i.svcRtxEventFlagsGet) for svcRtxEventFlagsGet
    rtx_evflags.o(i.osEventFlagsGetName) refers to rtx_evr.o(i.EvrRtxEventFlagsGetName) for EvrRtxEventFlagsGetName
    rtx_evflags.o(i.osEventFlagsGetName) refers to rtx_evflags.o(i.svcRtxEventFlagsGetName) for svcRtxEventFlagsGetName
    rtx_evflags.o(i.osEventFlagsNew) refers to rtx_evr.o(i.EvrRtxEventFlagsNew) for EvrRtxEventFlagsNew
[...]
    C:\Keil_v5\ARM\PACK\Keil\STM32F1xx_DFP\2.2.0\Device\StdPeriph_Driver\src\stm32f10x_can.c 0x00000000   Number         0  stm32f10x_can.o ABSOLUTE
    C:\Keil_v5\ARM\PACK\Keil\STM32F1xx_DFP\2.2.0\Device\StdPeriph_Driver\src\stm32f10x_dac.c 0x00000000   Number         0  stm32f10x_dac.o ABSOLUTE
    C:\Keil_v5\ARM\PACK\Keil\STM32F1xx_DFP\2.2.0\Device\StdPeriph_Driver\src\stm32f10x_dbgmcu.c 0x00000000   Number         0  stm32f10x_dbgmcu.o ABSOLUTE
    C:\Keil_v5\ARM\PACK\Keil\STM32F1xx_DFP\2.2.0\Device\StdPeriph_Driver\src\stm32f10x_dma.c 0x00000000   Number         0  stm32f10x_dma.o ABSOLUTE
    C:\Keil_v5\ARM\PACK\Keil\STM32F1xx_DFP\2.2.0\Device\StdPeriph_Driver\src\stm32f10x_exti.c 0x00000000   Number         0  stm32f10x_exti.o ABSOLUTE
    C:\Keil_v5\ARM\PACK\Keil\STM32F1xx_DFP\2.2.0\Device\StdPeriph_Driver\src\stm32f10x_gpio.c 0x00000000   Number         0  stm32f10x_gpio.o ABSOLUTE
    C:\Keil_v5\ARM\PACK\Keil\STM32F1xx_DFP\2.2.0\Device\StdPeriph_Driver\src\stm32f10x_i2c.c 0x00000000   Number         0  stm32f10x_i2c.o ABSOLUTE
    C:\Keil_v5\ARM\PACK\Keil\STM32F1xx_DFP\2.2.0\Device\StdPeriph_Driver\src\stm32f10x_iwdg.c 0x00000000   Number         0  stm32f10x_iwdg.o ABSOLUTE
    C:\Keil_v5\ARM\PACK\Keil\STM32F1xx_DFP\2.2.0\Device\StdPeriph_Driver\src\stm32f10x_pwr.c 0x00000000   Number         0  stm32f10x_pwr.o ABSOLUTE
    C:\Keil_v5\ARM\PACK\Keil\STM32F1xx_DFP\2.2.0\Device\StdPeriph_Driver\src\stm32f10x_rcc.c 0x00000000   Number         0  stm32f10x_rcc.o ABSOLUTE
    C:\Keil_v5\ARM\PACK\Keil\STM32F1xx_DFP\2.2.0\Device\StdPeriph_Driver\src\stm32f10x_spi.c 0x00000000   Number         0  stm32f10x_spi.o ABSOLUTE
    C:\Keil_v5\ARM\PACK\Keil\STM32F1xx_DFP\2.2.0\Device\StdPeriph_Driver\src\stm32f10x_tim.c 0x00000000   Number         0  stm32f10x_tim.o ABSOLUTE
    C:\Keil_v5\ARM\PACK\Keil\STM32F1xx_DFP\2.2.0\Device\StdPeriph_Driver\src\stm32f10x_usart.c 0x00000000   Number         0  stm32f10x_usart.o ABSOLUTE
    C:\Keil_v5\ARM\PACK\Keil\STM32F1xx_DFP\2.2.0\RTE_Driver\DMA_STM32F10x.c 0x00000000   Number         0  dma_stm32f10x.o ABSOLUTE
    C:\Keil_v5\ARM\PACK\Keil\STM32F1xx_DFP\2.2.0\RTE_Driver\GPIO_STM32F10x.c 0x00000000   Number         0  gpio_stm32f10x.o ABSOLUTE
    C:\Keil_v5\ARM\PACK\Keil\STM32F1xx_DFP\2.2.0\RTE_Driver\I2C_STM32F10x.c 0x00000000   Number         0  i2c_stm32f10x.o ABSOLUTE
    C:\\Keil_v5\\ARM\\PACK\\ARM\\CMSIS\\5.0.1\\CMSIS\\RTOS2\\RTX\\Source\\rtx_delay.c 0x00000000   Number         0  rtx_delay.o ABSOLUTE
    C:\\Keil_v5\\ARM\\PACK\\ARM\\CMSIS\\5.0.1\\CMSIS\\RTOS2\\RTX\\Source\\rtx_evflags.c 0x00000000   Number         0  rtx_evflags.o ABSOLUTE
    C:\\Keil_v5\\ARM\\PACK\\ARM\\CMSIS\\5.0.1\\CMSIS\\RTOS2\\RTX\\Source\\rtx_evr.c 0x00000000   Number         0  rtx_evr.o ABSOLUTE
    C:\\Keil_v5\\ARM\\PACK\\ARM\\CMSIS\\5.0.1\\CMSIS\\RTOS2\\RTX\\Source\\rtx_kernel.c 0x00000000   Number         0  rtx_kernel.o ABSOLUTE
    C:\\Keil_v5\\ARM\\PACK\\ARM\\CMSIS\\5.0.1\\CMSIS\\RTOS2\\RTX\\Source\\rtx_lib.c 0x00000000   Number         0  rtx_lib.o ABSOLUTE
    C:\\Keil_v5\\ARM\\PACK\\ARM\\CMSIS\\5.0.1\\CMSIS\\RTOS2\\RTX\\Source\\rtx_memory.c 0x00000000   Number         0  rtx_memory.o ABSOLUTE
    C:\\Keil_v5\\ARM\\PACK\\ARM\\CMSIS\\5.0.1\\CMSIS\\RTOS2\\RTX\\Source\\rtx_mempool.c 0x00000000   Number         0  rtx_mempool.o ABSOLUTE
    C:\\Keil_v5\\ARM\\PACK\\ARM\\CMSIS\\5.0.1\\CMSIS\\RTOS2\\RTX\\Source\\rtx_msgqueue.c 0x00000000   Number         0  rtx_msgqueue.o ABSOLUTE
    C:\\Keil_v5\\ARM\\PACK\\ARM\\CMSIS\\5.0.1\\CMSIS\\RTOS2\\RTX\\Source\\rtx_mutex.c 0x00000000   Number         0  rtx_mutex.o ABSOLUTE
    C:\\Keil_v5\\ARM\\PACK\\ARM\\CMSIS\\5.0.1\\CMSIS\\RTOS2\\RTX\\Source\\rtx_semaphore.c 0x00000000   Number         0  rtx_semaphore.o ABSOLUTE
    C:\\Keil_v5\\ARM\\PACK\\ARM\\CMSIS\\5.0.1\\CMSIS\\RTOS2\\RTX\\Source\\rtx_system.c 0x00000000   Number         0  rtx_system.o ABSOLUTE
    C:\\Keil_v5\\ARM\\PACK\\ARM\\CMSIS\\5.0.1\\CMSIS\\RTOS2\\RTX\\Source\\rtx_thread.c 0x00000000   Number         0  rtx_thread.o ABSOLUTE
    C:\\Keil_v5\\ARM\\PACK\\ARM\\CMSIS\\5.0.1\\CMSIS\\RTOS2\\RTX\\Source\\rtx_timer.c 0x00000000   Number         0  rtx_timer.o ABSOLUTE
    C:\\Keil_v5\\ARM\\PACK\\Keil\\STM32F1xx_DFP\\2.2.0\\Device\\StdPeriph_Driver\\src\\misc.c 0x00000000   Number         0  misc.o ABSOLUTE
    C:\\Keil_v5\\ARM\\PACK\\Keil\\STM32F1xx_DFP\\2.2.0\\Device\\StdPeriph_Driver\\src\\stm32f10x_adc.c 0x00000000   Number         0  stm32f10x_adc.o ABSOLUTE
    C:\\Keil_v5\\ARM\\PACK\\Keil\\STM32F1xx_DFP\\2.2.0\\Device\\StdPeriph_Driver\\src\\stm32f10x_can.c 0x00000000   Number         0  stm32f10x_can.o ABSOLUTE
    C:\\Keil_v5\\ARM\\PACK\\Keil\\STM32F1xx_DFP\\2.2.0\\Device\\StdPeriph_Driver\\src\\stm32f10x_dac.c 0x00000000   Number         0  stm32f10x_dac.o ABSOLUTE
    C:\\Keil_v5\\ARM\\PACK\\Keil\\STM32F1xx_DFP\\2.2.0\\Device\\StdPeriph_Driver\\src\\stm32f10x_dbgmcu.c 0x00000000   Number         0  stm32f10x_dbgmcu.o ABSOLUTE
    C:\\Keil_v5\\ARM\\PACK\\Keil\\STM32F1xx_DFP\\2.2.0\\Device\\StdPeriph_Driver\\src\\stm32f10x_dma.c 0x00000000   Number         0  stm32f10x_dma.o ABSOLUTE
    C:\\Keil_v5\\ARM\\PACK\\Keil\\STM32F1xx_DFP\\2.2.0\\Device\\StdPeriph_Driver\\src\\stm32f10x_exti.c 0x00000000   Number         0  stm32f10x_exti.o ABSOLUTE
    C:\\Keil_v5\\ARM\\PACK\\Keil\\STM32F1xx_DFP\\2.2.0\\Device\\StdPeriph_Driver\\src\\stm32f10x_gpio.c 0x00000000   Number         0  stm32f10x_gpio.o ABSOLUTE
    C:\\Keil_v5\\ARM\\PACK\\Keil\\STM32F1xx_DFP\\2.2.0\\Device\\StdPeriph_Driver\\src\\stm32f10x_i2c.c 0x00000000   Number         0  stm32f10x_i2c.o ABSOLUTE
    C:\\Keil_v5\\ARM\\PACK\\Keil\\STM32F1xx_DFP\\2.2.0\\Device\\StdPeriph_Driver\\src\\stm32f10x_iwdg.c 0x00000000   Number         0  stm32f10x_iwdg.o ABSOLUTE
    C:\\Keil_v5\\ARM\\PACK\\Keil\\STM32F1xx_DFP\\2.2.0\\Device\\StdPeriph_Driver\\src\\stm32f10x_pwr.c 0x00000000   Number         0  stm32f10x_pwr.o ABSOLUTE
    C:\\Keil_v5\\ARM\\PACK\\Keil\\STM32F1xx_DFP\\2.2.0\\Device\\StdPeriph_Driver\\src\\stm32f10x_rcc.c 0x00000000   Number         0  stm32f10x_rcc.o ABSOLUTE
    C:\\Keil_v5\\ARM\\PACK\\Keil\\STM32F1xx_DFP\\2.2.0\\Device\\StdPeriph_Driver\\src\\stm32f10x_spi.c 0x00000000   Number         0  stm32f10x_spi.o ABSOLUTE
    C:\\Keil_v5\\ARM\\PACK\\Keil\\STM32F1xx_DFP\\2.2.0\\Device\\StdPeriph_Driver\\src\\stm32f10x_tim.c 0x00000000   Number         0  stm32f10x_tim.o ABSOLUTE
    C:\\Keil_v5\\ARM\\PACK\\Keil\\STM32F1xx_DFP\\2.2.0\\Device\\StdPeriph_Driver\\src\\stm32f10x_usart.c 0x00000000   Number         0  stm32f10x_usart.o ABSOLUTE
    C:\\Keil_v5\\ARM\\PACK\\Keil\\STM32F1xx_DFP\\2.2.0\\RTE_Driver\\DMA_STM32F10x.c 0x00000000   Number         0  dma_stm32f10x.o ABSOLUTE
    C:\\Keil_v5\\ARM\\PACK\\Keil\\STM32F1xx_DFP\\2.2.0\\RTE_Driver\\GPIO_STM32F10x.c 0x00000000   Number         0  gpio_stm32f10x.o ABSOLUTE
    C:\\Keil_v5\\ARM\\PACK\\Keil\\STM32F1xx_DFP\\2.2.0\\RTE_Driver\\I2C_STM32F10x.c 0x00000000   Number         0  i2c_stm32f10x.o ABSOLUTE
    RTE\CMSIS\RTX_Config.c                   0x00000000   Number         0  rtx_config.o ABSOLUTE
    RTE\Device\STM32F103RE\startup_stm32f10x_hd.s 0x00000000   Number         0  startup_stm32f10x_hd.o ABSOLUTE
    RTE\Device\STM32F103RE\system_stm32f10x.c 0x00000000   Number         0  system_stm32f10x.o ABSOLUTE
    RTE\\CMSIS\\RTX_Config.c                 0x00000000   Number         0  rtx_config.o ABSOLUTE
    RTE\\Device\\STM32F103RE\\system_stm32f10x.c 0x00000000   Number         0  system_stm32f10x.o ABSOLUTE
    cdrcmple.s                               0x00000000   Number         0  cdrcmple.o ABSOLUTE
    dc.s                                     0x00000000   Number         0  dc.o ABSOLUTE
    handlers.s                               0x00000000   Number         0  handlers.o ABSOLUTE
    init.s                                   0x00000000   Number         0  init.o ABSOLUTE
    main.c                                   0x00000000   Number         0  main.o ABSOLUTE
    main.c                                   0x00000000   Number         0  main.o ABSOLUTE
    RESET                                    0x08000000   Section      304  startup_stm32f10x_hd.o(RESET)
    .ARM.Collect$$$$00000000                 0x08000130   Section        0  entry.o(.ARM.Collect$$$$00000000)
    .ARM.Collect$$$$00000001                 0x08000130   Section        4  entry2.o(.ARM.Collect$$$$00000001)
    .ARM.Collect$$$$00000004                 0x08000134   Section        4  entry5.o(.ARM.Collect$$$$00000004)
    .ARM.Collect$$$$00000008                 0x08000138   Section        0  entry7b.o(.ARM.Collect$$$$00000008)
    .ARM.Collect$$$$0000000A                 0x08000138   Section        0  entry8b.o(.ARM.Collect$$$$0000000A)
    .ARM.Collect$$$$0000000B                 0x08000138   Section        8  entry9a.o(.ARM.Collect$$$$0000000B)
    .ARM.Collect$$$$0000000D                 0x08000140   Section        0  entry10a.o(.ARM.Collect$$$$0000000D)
    .ARM.Collect$$$$0000000F                 0x08000140   Section        0  entry11a.o(.ARM.Collect$$$$0000000F)
    .ARM.Collect$$$$00002712                 0x08000140   Section        4  entry2.o(.ARM.Collect$$$$00002712)
    __lit__00000000                          0x08000140   Data           4  entry2.o(.ARM.Collect$$$$00002712)
    .emb_text                                0x08000144   Section      340  rtx_mempool.o(.emb_text)
    .emb_text                                0x08000298   Section      340  rtx_msgqueue.o(.emb_text)
    .emb_text                                0x080003ec   Section      340  rtx_system.o(.emb_text)
    .emb_text                                0x08000540   Section      340  rtx_thread.o(.emb_text)
    .text                                    0x08000694   Section      136  irq_cm3.o(.text)
    .text                                    0x0800071c   Section       36  startup_stm32f10x_hd.o(.text)
    .text                                    0x08000740   Section        0  memcpya.o(.text)
    .text                                    0x08000764   Section        0  memseta.o(.text)
    .text                                    0x08000788   Section        0  uidiv.o(.text)
    .text                                    0x080007b4   Section       36  init.o(.text)
    .text                                    0x080007d8   Section        0  __dczerorl.o(.text)
    i.ADC_ClearFlag                          0x08000812   Section        0  stm32f10x_adc.o(i.ADC_ClearFlag)
    i.ADC_Cmd                                0x08000818   Section        0  stm32f10x_adc.o(i.ADC_Cmd)
    i.ADC_DeInit                             0x08000830   Section        0  stm32f10x_adc.o(i.ADC_DeInit)
    i.ADC_GetCalibrationStatus               0x08000894   Section        0  stm32f10x_adc.o(i.ADC_GetCalibrationStatus)
    i.ADC_GetConversionValue                 0x080008a2   Section        0  stm32f10x_adc.o(i.ADC_GetConversionValue)
    i.ADC_GetFlagStatus                      0x080008a8   Section        0  stm32f10x_adc.o(i.ADC_GetFlagStatus)
    i.ADC_GetResetCalibrationStatus          0x080008b6   Section        0  stm32f10x_adc.o(i.ADC_GetResetCalibrationStatus)
    i.ADC_Init                               0x080008c4   Section        0  stm32f10x_adc.o(i.ADC_Init)
    i.ADC_RegularChannelConfig               0x0800090c   Section        0  stm32f10x_adc.o(i.ADC_RegularChannelConfig)
    i.ADC_ResetCalibration                   0x08000980   Section        0  stm32f10x_adc.o(i.ADC_ResetCalibration)
    i.ADC_SoftwareStartConvCmd               0x0800098a   Section        0  stm32f10x_adc.o(i.ADC_SoftwareStartConvCmd)
    i.ADC_StartCalibration                   0x080009a2   Section        0  stm32f10x_adc.o(i.ADC_StartCalibration)
    i.ADC_TempSensorVrefintCmd               0x080009ac   Section        0  stm32f10x_adc.o(i.ADC_TempSensorVrefintCmd)
    i.DMA1_Channel1_Event                    0x080009cc   Section        0  dma_stm32f10x.o(i.DMA1_Channel1_Event)
    i.DMA1_Channel1_IRQHandler               0x080009d0   Section        0  dma_stm32f10x.o(i.DMA1_Channel1_IRQHandler)
    i.DMA1_Channel2_Event                    0x080009e8   Section        0  dma_stm32f10x.o(i.DMA1_Channel2_Event)
    i.DMA1_Channel2_IRQHandler               0x080009ec   Section        0  dma_stm32f10x.o(i.DMA1_Channel2_IRQHandler)
    i.DMA1_Channel3_Event                    0x08000a04   Section        0  dma_stm32f10x.o(i.DMA1_Channel3_Event)
    i.DMA1_Channel3_IRQHandler               0x08000a08   Section        0  dma_stm32f10x.o(i.DMA1_Channel3_IRQHandler)
    i.DMA1_Channel4_Event                    0x08000a20   Section        0  dma_stm32f10x.o(i.DMA1_Channel4_Event)
    i.DMA1_Channel4_IRQHandler               0x08000a24   Section        0  dma_stm32f10x.o(i.DMA1_Channel4_IRQHandler)
    i.DMA1_Channel5_Event                    0x08000a3c   Section        0  dma_stm32f10x.o(i.DMA1_Channel5_Event)
    i.DMA1_Channel5_IRQHandler               0x08000a40   Section        0  dma_stm32f10x.o(i.DMA1_Channel5_IRQHandler)
    i.DMA1_Channel6_Event                    0x08000a58   Section        0  dma_stm32f10x.o(i.DMA1_Channel6_Event)
    i.DMA1_Channel6_IRQHandler               0x08000a5c   Section        0  dma_stm32f10x.o(i.DMA1_Channel6_IRQHandler)
    i.DMA1_Channel7_Event                    0x08000a74   Section        0  dma_stm32f10x.o(i.DMA1_Channel7_Event)
    i.DMA1_Channel7_IRQHandler               0x08000a78   Section        0  dma_stm32f10x.o(i.DMA1_Channel7_IRQHandler)
    i.DMA2_Channel1_Event                    0x08000a90   Section        0  dma_stm32f10x.o(i.DMA2_Channel1_Event)
    i.DMA2_Channel1_IRQHandler               0x08000a94   Section        0  dma_stm32f10x.o(i.DMA2_Channel1_IRQHandler)
    i.DMA2_Channel2_Event                    0x08000ab0   Section        0  dma_stm32f10x.o(i.DMA2_Channel2_Event)
    i.DMA2_Channel2_IRQHandler               0x08000ab4   Section        0  dma_stm32f10x.o(i.DMA2_Channel2_IRQHandler)
    i.DMA2_Channel3_Event                    0x08000ad0   Section        0  dma_stm32f10x.o(i.DMA2_Channel3_Event)
    i.DMA2_Channel3_IRQHandler               0x08000ad4   Section        0  dma_stm32f10x.o(i.DMA2_Channel3_IRQHandler)
    i.DMA2_Channel4_5_IRQHandler             0x08000af0   Section        0  dma_stm32f10x.o(i.DMA2_Channel4_5_IRQHandler)
    i.DMA2_Channel4_Event                    0x08000b20   Section        0  dma_stm32f10x.o(i.DMA2_Channel4_Event)
    i.DMA2_Channel5_Event                    0x08000b22   Section        0  dma_stm32f10x.o(i.DMA2_Channel5_Event)
    i.EvrRtxEventFlagsWaitTimeout            0x08000b24   Section        0  rtx_evr.o(i.EvrRtxEventFlagsWaitTimeout)
    i.EvrRtxKernelError                      0x08000b26   Section        0  rtx_evr.o(i.EvrRtxKernelError)
    i.EvrRtxKernelInitialize                 0x08000b28   Section        0  rtx_evr.o(i.EvrRtxKernelInitialize)
    i.EvrRtxKernelInitializeCompleted        0x08000b2a   Section        0  rtx_evr.o(i.EvrRtxKernelInitializeCompleted)
    i.EvrRtxKernelStart                      0x08000b2c   Section        0  rtx_evr.o(i.EvrRtxKernelStart)
    i.EvrRtxKernelStarted                    0x08000b2e   Section        0  rtx_evr.o(i.EvrRtxKernelStarted)
    i.EvrRtxMemoryAlloc                      0x08000b30   Section        0  rtx_evr.o(i.EvrRtxMemoryAlloc)
    i.EvrRtxMemoryBlockAlloc                 0x08000b32   Section        0  rtx_evr.o(i.EvrRtxMemoryBlockAlloc)
    i.EvrRtxMemoryBlockFree                  0x08000b34   Section        0  rtx_evr.o(i.EvrRtxMemoryBlockFree)
    i.EvrRtxMemoryBlockInit                  0x08000b36   Section        0  rtx_evr.o(i.EvrRtxMemoryBlockInit)
    i.EvrRtxMemoryFree                       0x08000b38   Section        0  rtx_evr.o(i.EvrRtxMemoryFree)
    i.EvrRtxMemoryInit                       0x08000b3a   Section        0  rtx_evr.o(i.EvrRtxMemoryInit)
    i.EvrRtxMemoryPoolAllocTimeout           0x08000b3c   Section        0  rtx_evr.o(i.EvrRtxMemoryPoolAllocTimeout)
    i.EvrRtxMessageQueueError                0x08000b3e   Section        0  rtx_evr.o(i.EvrRtxMessageQueueError)
    i.EvrRtxMessageQueueGetTimeout           0x08000b40   Section        0  rtx_evr.o(i.EvrRtxMessageQueueGetTimeout)
    i.EvrRtxMessageQueueInsertPending        0x08000b42   Section        0  rtx_evr.o(i.EvrRtxMessageQueueInsertPending)
    i.EvrRtxMessageQueueInserted             0x08000b44   Section        0  rtx_evr.o(i.EvrRtxMessageQueueInserted)
    i.EvrRtxMessageQueueNotInserted          0x08000b46   Section        0  rtx_evr.o(i.EvrRtxMessageQueueNotInserted)
    i.EvrRtxMessageQueuePut                  0x08000b48   Section        0  rtx_evr.o(i.EvrRtxMessageQueuePut)
    i.EvrRtxMessageQueuePutPending           0x08000b4a   Section        0  rtx_evr.o(i.EvrRtxMessageQueuePutPending)
    i.EvrRtxMessageQueuePutTimeout           0x08000b4c   Section        0  rtx_evr.o(i.EvrRtxMessageQueuePutTimeout)
    i.EvrRtxMessageQueueRetrieved            0x08000b4e   Section        0  rtx_evr.o(i.EvrRtxMessageQueueRetrieved)
    i.EvrRtxMutexAcquireTimeout              0x08000b50   Section        0  rtx_evr.o(i.EvrRtxMutexAcquireTimeout)
    i.EvrRtxMutexAcquired                    0x08000b52   Section        0  rtx_evr.o(i.EvrRtxMutexAcquired)
    i.EvrRtxMutexReleased                    0x08000b54   Section        0  rtx_evr.o(i.EvrRtxMutexReleased)
    i.EvrRtxSemaphoreAcquireTimeout          0x08000b56   Section        0  rtx_evr.o(i.EvrRtxSemaphoreAcquireTimeout)
    i.EvrRtxThreadBlocked                    0x08000b58   Section        0  rtx_evr.o(i.EvrRtxThreadBlocked)
    i.EvrRtxThreadCreated                    0x08000b5a   Section        0  rtx_evr.o(i.EvrRtxThreadCreated)
    i.EvrRtxThreadDelayCompleted             0x08000b5c   Section        0  rtx_evr.o(i.EvrRtxThreadDelayCompleted)
    i.EvrRtxThreadDestroyed                  0x08000b5e   Section        0  rtx_evr.o(i.EvrRtxThreadDestroyed)
    i.EvrRtxThreadError                      0x08000b60   Section        0  rtx_evr.o(i.EvrRtxThreadError)
    i.EvrRtxThreadExit                       0x08000b62   Section        0  rtx_evr.o(i.EvrRtxThreadExit)
    i.EvrRtxThreadFlagsWaitCompleted         0x08000b64   Section        0  rtx_evr.o(i.EvrRtxThreadFlagsWaitCompleted)
    i.EvrRtxThreadFlagsWaitTimeout           0x08000b66   Section        0  rtx_evr.o(i.EvrRtxThreadFlagsWaitTimeout)
    i.EvrRtxThreadJoined                     0x08000b68   Section        0  rtx_evr.o(i.EvrRtxThreadJoined)
    i.EvrRtxThreadNew                        0x08000b6a   Section        0  rtx_evr.o(i.EvrRtxThreadNew)
    i.EvrRtxThreadSwitch                     0x08000b6c   Section        0  rtx_evr.o(i.EvrRtxThreadSwitch)
    i.EvrRtxThreadUnblocked                  0x08000b6e   Section        0  rtx_evr.o(i.EvrRtxThreadUnblocked)
    i.ExtTick_EnableIRQ                      0x08000b70   Section        0  rtx_kernel.o(i.ExtTick_EnableIRQ)
    ExtTick_EnableIRQ                        0x08000b71   Thumb Code    22  rtx_kernel.o(i.ExtTick_EnableIRQ)
    i.GPIO_Init                              0x08000b86   Section        0  stm32f10x_gpio.o(i.GPIO_Init)
    i.I2C1_ER_IRQHandler                     0x08000c2c   Section        0  i2c_stm32f10x.o(i.I2C1_ER_IRQHandler)
    i.I2C1_EV_IRQHandler                     0x08000c38   Section        0  i2c_stm32f10x.o(i.I2C1_EV_IRQHandler)
    i.I2C_ER_IRQHandler                      0x08000c44   Section        0  i2c_stm32f10x.o(i.I2C_ER_IRQHandler)
    I2C_ER_IRQHandler                        0x08000c45   Thumb Code   226  i2c_stm32f10x.o(i.I2C_ER_IRQHandler)
    i.I2C_EV_IRQHandler                      0x08000d26   Section        0  i2c_stm32f10x.o(i.I2C_EV_IRQHandler)
    I2C_EV_IRQHandler                        0x08000d27   Thumb Code  1080  i2c_stm32f10x.o(i.I2C_EV_IRQHandler)
    i.ITM_SendChar                           0x08001160   Section        0  retarget_io.o(i.ITM_SendChar)
    i.MessageQueuePut                        0x08001184   Section        0  rtx_msgqueue.o(i.MessageQueuePut)
    MessageQueuePut                          0x08001185   Thumb Code    66  rtx_msgqueue.o(i.MessageQueuePut)
    i.RCC_ADCCLKConfig                       0x080011c8   Section        0  stm32f10x_rcc.o(i.RCC_ADCCLKConfig)
    i.RCC_APB2PeriphClockCmd                 0x080011dc   Section        0  stm32f10x_rcc.o(i.RCC_APB2PeriphClockCmd)
    i.RCC_APB2PeriphResetCmd                 0x080011f8   Section        0  stm32f10x_rcc.o(i.RCC_APB2PeriphResetCmd)
    i.SetSysClock                            0x08001214   Section        0  system_stm32f10x.o(i.SetSysClock)
    SetSysClock                              0x08001215   Thumb Code     4  system_stm32f10x.o(i.SetSysClock)
    i.SetSysClockTo72                        0x08001218   Section        0  system_stm32f10x.o(i.SetSysClockTo72)
    SetSysClockTo72                          0x08001219   Thumb Code   166  system_stm32f10x.o(i.SetSysClockTo72)
    i.SystemCoreClockUpdate                  0x080012c8   Section        0  system_stm32f10x.o(i.SystemCoreClockUpdate)
    i.SystemInit                             0x08001344   Section        0  system_stm32f10x.o(i.SystemInit)
    i.ThreadFlagsCheck                       0x08001394   Section        0  rtx_thread.o(i.ThreadFlagsCheck)
    ThreadFlagsCheck                         0x08001395   Thumb Code    46  rtx_thread.o(i.ThreadFlagsCheck)
    i.TimerInsert                            0x080013c4   Section        0  rtx_timer.o(i.TimerInsert)
    TimerInsert                              0x080013c5   Thumb Code    50  rtx_timer.o(i.TimerInsert)
    i.TimerUnlink                            0x080013fc   Section        0  rtx_timer.o(i.TimerUnlink)
    TimerUnlink                              0x080013fd   Thumb Code    18  rtx_timer.o(i.TimerUnlink)
    i.__0printf$1                            0x08001414   Section        0  printf1.o(i.__0printf$1)
    i.__scatterload_copy                     0x08001434   Section       14  handlers.o(i.__scatterload_copy)
    i.__scatterload_null                     0x08001442   Section        2  handlers.o(i.__scatterload_null)
    i.__scatterload_zeroinit                 0x08001444   Section       14  handlers.o(i.__scatterload_zeroinit)
    i._printf_core                           0x08001454   Section        0  printf1.o(i._printf_core)
    _printf_core                             0x08001455   Thumb Code   336  printf1.o(i._printf_core)
    i.app_main                               0x080015a8   Section        0  main.o(i.app_main)
    i.fputc                                  0x080016b4   Section        0  retarget_io.o(i.fputc)
    i.isr_queue_get                          0x080016d8   Section        0  rtx_system.o(i.isr_queue_get)
    isr_queue_get                            0x080016d9   Thumb Code    40  rtx_system.o(i.isr_queue_get)
    i.isr_queue_put                          0x08001704   Section        0  rtx_system.o(i.isr_queue_put)
    isr_queue_put                            0x08001705   Thumb Code    48  rtx_system.o(i.isr_queue_put)
    i.main                                   0x08001738   Section        0  main.o(i.main)
    i.osKernelInitialize                     0x08001754   Section        0  rtx_kernel.o(i.osKernelInitialize)
    i.osKernelStart                          0x0800179c   Section        0  rtx_kernel.o(i.osKernelStart)
    i.osMessageQueuePut                      0x080017e4   Section        0  rtx_msgqueue.o(i.osMessageQueuePut)
    i.osRtxErrorNotify                       0x080018a4   Section        0  rtx_config.o(i.osRtxErrorNotify)
    i.osRtxIdleThread                        0x080018a6   Section        0  rtx_config.o(i.osRtxIdleThread)
    i.osRtxMemoryAlloc                       0x080018a8   Section        0  rtx_memory.o(i.osRtxMemoryAlloc)
    i.osRtxMemoryFree                        0x08001926   Section        0  rtx_memory.o(i.osRtxMemoryFree)
    i.osRtxMemoryInit                        0x0800197a   Section        0  rtx_memory.o(i.osRtxMemoryInit)
    i.osRtxMemoryPoolAlloc                   0x080019b6   Section        0  rtx_mempool.o(i.osRtxMemoryPoolAlloc)
    i.osRtxMemoryPoolFree                    0x080019f2   Section        0  rtx_mempool.o(i.osRtxMemoryPoolFree)
    i.osRtxMemoryPoolInit                    0x08001a42   Section        0  rtx_mempool.o(i.osRtxMemoryPoolInit)
    i.osRtxMutexOwnerRelease                 0x08001a8a   Section        0  rtx_mutex.o(i.osRtxMutexOwnerRelease)
    i.osRtxPendSV_Handler                    0x08001adc   Section        0  rtx_system.o(i.osRtxPendSV_Handler)
    i.osRtxPostProcess                       0x08001b28   Section        0  rtx_system.o(i.osRtxPostProcess)
    i.osRtxSysTimerAckIRQ                    0x08001b60   Section        0  rtx_system.o(i.osRtxSysTimerAckIRQ)
    i.osRtxSysTimerEnable                    0x08001b68   Section        0  rtx_system.o(i.osRtxSysTimerEnable)
    i.osRtxSysTimerSetup                     0x08001b74   Section        0  rtx_system.o(i.osRtxSysTimerSetup)
    i.osRtxThreadBlock                       0x08001ba4   Section        0  rtx_thread.o(i.osRtxThreadBlock)
    i.osRtxThreadDelayInsert                 0x08001bd4   Section        0  rtx_thread.o(i.osRtxThreadDelayInsert)
    i.osRtxThreadDelayRemove                 0x08001c30   Section        0  rtx_thread.o(i.osRtxThreadDelayRemove)
    i.osRtxThreadDelayTick                   0x08001c90   Section        0  rtx_thread.o(i.osRtxThreadDelayTick)
    i.osRtxThreadDispatch                    0x08001d50   Section        0  rtx_thread.o(i.osRtxThreadDispatch)
    i.osRtxThreadFree                        0x08001dc4   Section        0  rtx_thread.o(i.osRtxThreadFree)
    osRtxThreadFree                          0x08001dc5   Thumb Code    78  rtx_thread.o(i.osRtxThreadFree)
    i.osRtxThreadListGet                     0x08001e18   Section        0  rtx_thread.o(i.osRtxThreadListGet)
    i.osRtxThreadListPut                     0x08001e30   Section        0  rtx_thread.o(i.osRtxThreadListPut)
    i.osRtxThreadListRemove                  0x08001e5a   Section        0  rtx_thread.o(i.osRtxThreadListRemove)
    i.osRtxThreadListRoot                    0x08001e72   Section        0  rtx_thread.o(i.osRtxThreadListRoot)
    i.osRtxThreadPostProcess                 0x08001e82   Section        0  rtx_thread.o(i.osRtxThreadPostProcess)
    i.osRtxThreadReadyPut                    0x08001ec4   Section        0  rtx_thread.o(i.osRtxThreadReadyPut)
    i.osRtxThreadRegPtr                      0x08001ed4   Section        0  rtx_thread.o(i.osRtxThreadRegPtr)
    i.osRtxThreadStackCheck                  0x08001edc   Section        0  rtx_thread.o(i.osRtxThreadStackCheck)
    i.osRtxThreadSwitch                      0x08001f04   Section        0  rtx_thread.o(i.osRtxThreadSwitch)
    i.osRtxThreadWaitEnter                   0x08001f24   Section        0  rtx_thread.o(i.osRtxThreadWaitEnter)
    i.osRtxThreadWaitExit                    0x08001f74   Section        0  rtx_thread.o(i.osRtxThreadWaitExit)
    i.osRtxTick_Handler                      0x08001fa8   Section        0  rtx_system.o(i.osRtxTick_Handler)
    i.osRtxTimerTick                         0x08002024   Section        0  rtx_timer.o(i.osRtxTimerTick)
    i.osThreadExit                           0x0800207c   Section        0  rtx_thread.o(i.osThreadExit)
    i.osThreadNew                            0x08002098   Section        0  rtx_thread.o(i.osThreadNew)
    i.stderr_putchar                         0x080020f4   Section        0  retarget_io.o(i.stderr_putchar)
    stderr_putchar                           0x080020f5   Thumb Code     4  retarget_io.o(i.stderr_putchar)
    i.stdout_putchar                         0x080020f8   Section        0  retarget_io.o(i.stdout_putchar)
    stdout_putchar                           0x080020f9   Thumb Code     4  retarget_io.o(i.stdout_putchar)
    i.svcRtxKernelInitialize                 0x080020fc   Section        0  rtx_kernel.o(i.svcRtxKernelInitialize)
    i.svcRtxKernelStart                      0x080022bc   Section        0  rtx_kernel.o(i.svcRtxKernelStart)
    i.svcRtxMessageQueuePut                  0x08002354   Section        0  rtx_msgqueue.o(i.svcRtxMessageQueuePut)
    i.svcRtxThreadExit                       0x08002458   Section        0  rtx_thread.o(i.svcRtxThreadExit)
    i.svcRtxThreadNew                        0x080024cc   Section        0  rtx_thread.o(i.svcRtxThreadNew)
    .constdata                               0x080026e8   Section       36  rtx_lib.o(.constdata)
    os_idle_thread_attr                      0x080026e8   Data          36  rtx_lib.o(.constdata)
    .constdata                               0x0800270c   Section       36  rtx_lib.o(.constdata)
    os_timer_thread_attr                     0x0800270c   Data          36  rtx_lib.o(.constdata)
    .constdata                               0x08002730   Section       24  rtx_lib.o(.constdata)
    os_timer_mq_attr                         0x08002730   Data          24  rtx_lib.o(.constdata)
    .constdata                               0x08002748   Section        4  rtx_lib.o(.constdata)
    .constdata                               0x0800274c   Section       48  i2c_stm32f10x.o(.constdata)
    DriverVersion                            0x0800274c   Data           4  i2c_stm32f10x.o(.constdata)
    DriverCapabilities                       0x08002750   Data           4  i2c_stm32f10x.o(.constdata)
    I2C1_Resources                           0x08002754   Data          40  i2c_stm32f10x.o(.constdata)
    .conststrlit                             0x0800277c   Section       11  rtx_kernel.o(.conststrlit)
    .rodata                                  0x08002788   Section      104  rtx_lib.o(.rodata)
    __tagsym$$used                           0x08002788   Number         0  rtx_lib.o(.rodata)
    .bss.os                                  0x20000000   Section     4096  rtx_lib.o(.bss.os)
    os_mem                                   0x20000000   Data        4096  rtx_lib.o(.bss.os)
    .bss.os                                  0x20001000   Section       64  rtx_lib.o(.bss.os)
    os_isr_queue                             0x20001000   Data          64  rtx_lib.o(.bss.os)
    .bss.os.msgqueue.cb                      0x20001040   Section       52  rtx_lib.o(.bss.os.msgqueue.cb)
    os_timer_mq_cb                           0x20001040   Data          52  rtx_lib.o(.bss.os.msgqueue.cb)
    .bss.os.msgqueue.mem                     0x20001074   Section       80  rtx_lib.o(.bss.os.msgqueue.mem)
    os_timer_mq_data                         0x20001074   Data          80  rtx_lib.o(.bss.os.msgqueue.mem)
    .bss.os.thread.cb                        0x200010c4   Section       68  rtx_lib.o(.bss.os.thread.cb)
    os_idle_thread_cb                        0x200010c4   Data          68  rtx_lib.o(.bss.os.thread.cb)
    .bss.os.thread.cb                        0x20001108   Section       68  rtx_lib.o(.bss.os.thread.cb)
    os_timer_thread_cb                       0x20001108   Data          68  rtx_lib.o(.bss.os.thread.cb)
    .bss.os.thread.stack                     0x20001150   Section      200  rtx_lib.o(.bss.os.thread.stack)
    os_idle_thread_stack                     0x20001150   Data         200  rtx_lib.o(.bss.os.thread.stack)
    .bss.os.thread.stack                     0x20001218   Section      200  rtx_lib.o(.bss.os.thread.stack)
    os_timer_thread_stack                    0x20001218   Data         200  rtx_lib.o(.bss.os.thread.stack)
    .data                                    0x200012e0   Section        2  main.o(.data)
    .data                                    0x200012e4   Section       20  system_stm32f10x.o(.data)
    .data                                    0x200012f8   Section        4  stdout.o(.data)
    .data                                    0x200012fc   Section        4  stderr.o(.data)
    .data.os                                 0x20001300   Section      168  rtx_kernel.o(.data.os)
    .bss                                     0x200013a8   Section       28  i2c_stm32f10x.o(.bss)
    I2C1_Info                                0x200013a8   Data          28  i2c_stm32f10x.o(.bss)
    STACK                                    0x200013c8   Section     1024  startup_stm32f10x_hd.o(STACK)

    Global Symbols

    Symbol Name                              Value     Ov Type        Size  Object(Section)

    BuildAttributes$$THM_ISAv4$P$D$K$B$S$PE$A:L22UL41UL21$X:L11$S22US41US21$IEEE1$IW$USESV6$~STKCKD$USESV7$~SHL$OSPACE$ROPI$EBA8$MICROLIB$REQ8$PRES8$EABIv2 0x00000000   Number         0  anon$$obj.o ABSOLUTE
    __ARM_use_no_argv                        0x00000000   Number         0  main.o ABSOLUTE
    _printf_a                                0x00000000   Number         0  stubs.o ABSOLUTE
    _printf_c                                0x00000000   Number         0  stubs.o ABSOLUTE
    _printf_charcount                        0x00000000   Number         0  stubs.o ABSOLUTE
    _printf_d                                0x00000000   Number         0  stubs.o ABSOLUTE
    _printf_e                                0x00000000   Number         0  stubs.o ABSOLUTE
    _printf_f                                0x00000000   Number         0  stubs.o ABSOLUTE
    _printf_flags                            0x00000000   Number         0  stubs.o ABSOLUTE
    _printf_fp_dec                           0x00000000   Number         0  stubs.o ABSOLUTE
    _printf_fp_hex                           0x00000000   Number         0  stubs.o ABSOLUTE
    _printf_g                                0x00000000   Number         0  stubs.o ABSOLUTE
    _printf_i                                0x00000000   Number         0  stubs.o ABSOLUTE
    _printf_int_dec                          0x00000000   Number         0  stubs.o ABSOLUTE
    _printf_l                                0x00000000   Number         0  stubs.o ABSOLUTE
    _printf_lc                               0x00000000   Number         0  stubs.o ABSOLUTE
    _printf_ll                               0x00000000   Number         0  stubs.o ABSOLUTE
    _printf_lld                              0x00000000   Number         0  stubs.o ABSOLUTE
    _printf_lli                              0x00000000   Number         0  stubs.o ABSOLUTE
    _printf_llo                              0x00000000   Number         0  stubs.o ABSOLUTE
    _printf_llu                              0x00000000   Number         0  stubs.o ABSOLUTE
    _printf_llx                              0x00000000   Number         0  stubs.o ABSOLUTE
    _printf_longlong_dec                     0x00000000   Number         0  stubs.o ABSOLUTE
    _printf_longlong_hex                     0x00000000   Number         0  stubs.o ABSOLUTE
    _printf_longlong_oct                     0x00000000   Number         0  stubs.o ABSOLUTE
    _printf_ls                               0x00000000   Number         0  stubs.o ABSOLUTE
    _printf_mbtowc                           0x00000000   Number         0  stubs.o ABSOLUTE
    _printf_n                                0x00000000   Number         0  stubs.o ABSOLUTE
    _printf_o                                0x00000000   Number         0  stubs.o ABSOLUTE
    _printf_p                                0x00000000   Number         0  stubs.o ABSOLUTE
    _printf_percent                          0x00000000   Number         0  stubs.o ABSOLUTE
    _printf_pre_padding                      0x00000000   Number         0  stubs.o ABSOLUTE
    _printf_return_value                     0x00000000   Number         0  stubs.o ABSOLUTE
    _printf_s                                0x00000000   Number         0  stubs.o ABSOLUTE
    _printf_sizespec                         0x00000000   Number         0  stubs.o ABSOLUTE
    _printf_str                              0x00000000   Number         0  stubs.o ABSOLUTE
    _printf_truncate_signed                  0x00000000   Number         0  stubs.o ABSOLUTE
    _printf_truncate_unsigned                0x00000000   Number         0  stubs.o ABSOLUTE
    _printf_u                                0x00000000   Number         0  stubs.o ABSOLUTE
    _printf_wc                               0x00000000   Number         0  stubs.o ABSOLUTE
    _printf_wctomb                           0x00000000   Number         0  stubs.o ABSOLUTE
    _printf_widthprec                        0x00000000   Number         0  stubs.o ABSOLUTE
    _printf_x                                0x00000000   Number         0  stubs.o ABSOLUTE
    __cpp_initialize__aeabi_                  - Undefined Weak Reference
    __cxa_finalize                            - Undefined Weak Reference
    _clock_init                               - Undefined Weak Reference
    _microlib_exit                            - Undefined Weak Reference
    __Vectors_Size                           0x00000130   Number         0  startup_stm32f10x_hd.o ABSOLUTE
    __Vectors                                0x08000000   Data           4  startup_stm32f10x_hd.o(RESET)
    __Vectors_End                            0x08000130   Data           0  startup_stm32f10x_hd.o(RESET)
    __main                                   0x08000131   Thumb Code     0  entry.o(.ARM.Collect$$$$00000000)
    _main_stk                                0x08000131   Thumb Code     0  entry2.o(.ARM.Collect$$$$00000001)
    _main_scatterload                        0x08000135   Thumb Code     0  entry5.o(.ARM.Collect$$$$00000004)
    __main_after_scatterload                 0x08000139   Thumb Code     0  entry5.o(.ARM.Collect$$$$00000004)
    _main_clock                              0x08000139   Thumb Code     0  entry7b.o(.ARM.Collect$$$$00000008)
    _main_cpp_init                           0x08000139   Thumb Code     0  entry8b.o(.ARM.Collect$$$$0000000A)
    _main_init                               0x08000139   Thumb Code     0  entry9a.o(.ARM.Collect$$$$0000000B)
    __rt_final_cpp                           0x08000141   Thumb Code     0  entry10a.o(.ARM.Collect$$$$0000000D)
    __rt_final_exit                          0x08000141   Thumb Code     0  entry11a.o(.ARM.Collect$$$$0000000F)
    __asm___13_rtx_mempool_c_7914b4c7__atomic_wr8 0x08000145   Thumb Code    16  rtx_mempool.o(.emb_text)
    __asm___13_rtx_mempool_c_7914b4c7__atomic_set32 0x08000155   Thumb Code    20  rtx_mempool.o(.emb_text)
    __asm___13_rtx_mempool_c_7914b4c7__atomic_clr32 0x08000169   Thumb Code    22  rtx_mempool.o(.emb_text)
    __asm___13_rtx_mempool_c_7914b4c7__atomic_chk32_all 0x0800017f   Thumb Code    38  rtx_mempool.o(.emb_text)
    __asm___13_rtx_mempool_c_7914b4c7__atomic_chk32_any 0x080001a5   Thumb Code    34  rtx_mempool.o(.emb_text)
    __asm___13_rtx_mempool_c_7914b4c7__atomic_inc32 0x080001c7   Thumb Code    18  rtx_mempool.o(.emb_text)
    __asm___13_rtx_mempool_c_7914b4c7__atomic_inc32_lt 0x080001d9   Thumb Code    30  rtx_mempool.o(.emb_text)
    __asm___13_rtx_mempool_c_7914b4c7__atomic_inc16_lt 0x080001f7   Thumb Code    30  rtx_mempool.o(.emb_text)
    __asm___13_rtx_mempool_c_7914b4c7__atomic_inc16_lim 0x08000215   Thumb Code    26  rtx_mempool.o(.emb_text)
    __asm___13_rtx_mempool_c_7914b4c7__atomic_dec32_nz 0x0800022f   Thumb Code    26  rtx_mempool.o(.emb_text)
    __asm___13_rtx_mempool_c_7914b4c7__atomic_dec16_nz 0x08000249   Thumb Code    26  rtx_mempool.o(.emb_text)
    __asm___13_rtx_mempool_c_7914b4c7__atomic_link_get 0x08000263   Thumb Code    26  rtx_mempool.o(.emb_text)
    __asm___13_rtx_mempool_c_7914b4c7__atomic_link_put 0x0800027d   Thumb Code    28  rtx_mempool.o(.emb_text)
    __asm___14_rtx_msgqueue_c_3fd3b50e__atomic_wr8 0x08000299   Thumb Code    16  rtx_msgqueue.o(.emb_text)
    __asm___14_rtx_msgqueue_c_3fd3b50e__atomic_set32 0x080002a9   Thumb Code    20  rtx_msgqueue.o(.emb_text)
    __asm___14_rtx_msgqueue_c_3fd3b50e__atomic_clr32 0x080002bd   Thumb Code    22  rtx_msgqueue.o(.emb_text)
    __asm___14_rtx_msgqueue_c_3fd3b50e__atomic_chk32_all 0x080002d3   Thumb Code    38  rtx_msgqueue.o(.emb_text)
    __asm___14_rtx_msgqueue_c_3fd3b50e__atomic_chk32_any 0x080002f9   Thumb Code    34  rtx_msgqueue.o(.emb_text)
    __asm___14_rtx_msgqueue_c_3fd3b50e__atomic_inc32 0x0800031b   Thumb Code    18  rtx_msgqueue.o(.emb_text)
    __asm___14_rtx_msgqueue_c_3fd3b50e__atomic_inc32_lt 0x0800032d   Thumb Code    30  rtx_msgqueue.o(.emb_text)
    __asm___14_rtx_msgqueue_c_3fd3b50e__atomic_inc16_lt 0x0800034b   Thumb Code    30  rtx_msgqueue.o(.emb_text)
    __asm___14_rtx_msgqueue_c_3fd3b50e__atomic_inc16_lim 0x08000369   Thumb Code    26  rtx_msgqueue.o(.emb_text)
    __asm___14_rtx_msgqueue_c_3fd3b50e__atomic_dec32_nz 0x08000383   Thumb Code    26  rtx_msgqueue.o(.emb_text)
    __asm___14_rtx_msgqueue_c_3fd3b50e__atomic_dec16_nz 0x0800039d   Thumb Code    26  rtx_msgqueue.o(.emb_text)
    __asm___14_rtx_msgqueue_c_3fd3b50e__atomic_link_get 0x080003b7   Thumb Code    26  rtx_msgqueue.o(.emb_text)
    __asm___14_rtx_msgqueue_c_3fd3b50e__atomic_link_put 0x080003d1   Thumb Code    28  rtx_msgqueue.o(.emb_text)
    __asm___12_rtx_system_c_024f2f18__atomic_wr8 0x080003ed   Thumb Code    16  rtx_system.o(.emb_text)
    __asm___12_rtx_system_c_024f2f18__atomic_set32 0x080003fd   Thumb Code    20  rtx_system.o(.emb_text)
    __asm___12_rtx_system_c_024f2f18__atomic_clr32 0x08000411   Thumb Code    22  rtx_system.o(.emb_text)
    __asm___12_rtx_system_c_024f2f18__atomic_chk32_all 0x08000427   Thumb Code    38  rtx_system.o(.emb_text)
    __asm___12_rtx_system_c_024f2f18__atomic_chk32_any 0x0800044d   Thumb Code    34  rtx_system.o(.emb_text)
    __asm___12_rtx_system_c_024f2f18__atomic_inc32 0x0800046f   Thumb Code    18  rtx_system.o(.emb_text)
    __asm___12_rtx_system_c_024f2f18__atomic_inc32_lt 0x08000481   Thumb Code    30  rtx_system.o(.emb_text)
    __asm___12_rtx_system_c_024f2f18__atomic_inc16_lt 0x0800049f   Thumb Code    30  rtx_system.o(.emb_text)
    __asm___12_rtx_system_c_024f2f18__atomic_inc16_lim 0x080004bd   Thumb Code    26  rtx_system.o(.emb_text)
    __asm___12_rtx_system_c_024f2f18__atomic_dec32_nz 0x080004d7   Thumb Code    26  rtx_system.o(.emb_text)
    __asm___12_rtx_system_c_024f2f18__atomic_dec16_nz 0x080004f1   Thumb Code    26  rtx_system.o(.emb_text)
    __asm___12_rtx_system_c_024f2f18__atomic_link_get 0x0800050b   Thumb Code    26  rtx_system.o(.emb_text)
    __asm___12_rtx_system_c_024f2f18__atomic_link_put 0x08000525   Thumb Code    28  rtx_system.o(.emb_text)
    __asm___12_rtx_thread_c_add96be5__atomic_wr8 0x08000541   Thumb Code    16  rtx_thread.o(.emb_text)
    __asm___12_rtx_thread_c_add96be5__atomic_set32 0x08000551   Thumb Code    20  rtx_thread.o(.emb_text)
    __asm___12_rtx_thread_c_add96be5__atomic_clr32 0x08000565   Thumb Code    22  rtx_thread.o(.emb_text)
    __asm___12_rtx_thread_c_add96be5__atomic_chk32_all 0x0800057b   Thumb Code    38  rtx_thread.o(.emb_text)
    __asm___12_rtx_thread_c_add96be5__atomic_chk32_any 0x080005a1   Thumb Code    34  rtx_thread.o(.emb_text)
    __asm___12_rtx_thread_c_add96be5__atomic_inc32 0x080005c3   Thumb Code    18  rtx_thread.o(.emb_text)
    __asm___12_rtx_thread_c_add96be5__atomic_inc32_lt 0x080005d5   Thumb Code    30  rtx_thread.o(.emb_text)
    __asm___12_rtx_thread_c_add96be5__atomic_inc16_lt 0x080005f3   Thumb Code    30  rtx_thread.o(.emb_text)
    __asm___12_rtx_thread_c_add96be5__atomic_inc16_lim 0x08000611   Thumb Code    26  rtx_thread.o(.emb_text)
    __asm___12_rtx_thread_c_add96be5__atomic_dec32_nz 0x0800062b   Thumb Code    26  rtx_thread.o(.emb_text)
    __asm___12_rtx_thread_c_add96be5__atomic_dec16_nz 0x08000645   Thumb Code    26  rtx_thread.o(.emb_text)
    __asm___12_rtx_thread_c_add96be5__atomic_link_get 0x0800065f   Thumb Code    26  rtx_thread.o(.emb_text)
    __asm___12_rtx_thread_c_add96be5__atomic_link_put 0x08000679   Thumb Code    28  rtx_thread.o(.emb_text)
    SVC_Handler                              0x08000695   Thumb Code    96  irq_cm3.o(.text)
    PendSV_Handler                           0x080006f5   Thumb Code    16  irq_cm3.o(.text)
    SysTick_Handler                          0x08000705   Thumb Code    16  irq_cm3.o(.text)
    Reset_Handler                            0x0800071d   Thumb Code     8  startup_stm32f10x_hd.o(.text)
    NMI_Handler                              0x08000725   Thumb Code     2  startup_stm32f10x_hd.o(.text)
    HardFault_Handler                        0x08000727   Thumb Code     2  startup_stm32f10x_hd.o(.text)
    MemManage_Handler                        0x08000729   Thumb Code     2  startup_stm32f10x_hd.o(.text)
    BusFault_Handler                         0x0800072b   Thumb Code     2  startup_stm32f10x_hd.o(.text)
    UsageFault_Handler                       0x0800072d   Thumb Code     2  startup_stm32f10x_hd.o(.text)
    DebugMon_Handler                         0x08000731   Thumb Code     2  startup_stm32f10x_hd.o(.text)
    ADC1_2_IRQHandler                        0x08000737   Thumb Code     0  startup_stm32f10x_hd.o(.text)
    ADC3_IRQHandler                          0x08000737   Thumb Code     0  startup_stm32f10x_hd.o(.text)
    CAN1_RX1_IRQHandler                      0x08000737   Thumb Code     0  startup_stm32f10x_hd.o(.text)
    CAN1_SCE_IRQHandler                      0x08000737   Thumb Code     0  startup_stm32f10x_hd.o(.text)
    EXTI0_IRQHandler                         0x08000737   Thumb Code     0  startup_stm32f10x_hd.o(.text)
    EXTI15_10_IRQHandler                     0x08000737   Thumb Code     0  startup_stm32f10x_hd.o(.text)
    EXTI1_IRQHandler                         0x08000737   Thumb Code     0  startup_stm32f10x_hd.o(.text)
    EXTI2_IRQHandler                         0x08000737   Thumb Code     0  startup_stm32f10x_hd.o(.text)
    EXTI3_IRQHandler                         0x08000737   Thumb Code     0  startup_stm32f10x_hd.o(.text)
    EXTI4_IRQHandler                         0x08000737   Thumb Code     0  startup_stm32f10x_hd.o(.text)
    EXTI9_5_IRQHandler                       0x08000737   Thumb Code     0  startup_stm32f10x_hd.o(.text)
    FLASH_IRQHandler                         0x08000737   Thumb Code     0  startup_stm32f10x_hd.o(.text)
    FSMC_IRQHandler                          0x08000737   Thumb Code     0  startup_stm32f10x_hd.o(.text)
    I2C2_ER_IRQHandler                       0x08000737   Thumb Code     0  startup_stm32f10x_hd.o(.text)
    I2C2_EV_IRQHandler                       0x08000737   Thumb Code     0  startup_stm32f10x_hd.o(.text)
    PVD_IRQHandler                           0x08000737   Thumb Code     0  startup_stm32f10x_hd.o(.text)
    RCC_IRQHandler                           0x08000737   Thumb Code     0  startup_stm32f10x_hd.o(.text)
    RTCAlarm_IRQHandler                      0x08000737   Thumb Code     0  startup_stm32f10x_hd.o(.text)
    RTC_IRQHandler                           0x08000737   Thumb Code     0  startup_stm32f10x_hd.o(.text)
    SDIO_IRQHandler                          0x08000737   Thumb Code     0  startup_stm32f10x_hd.o(.text)
    SPI1_IRQHandler                          0x08000737   Thumb Code     0  startup_stm32f10x_hd.o(.text)
    SPI2_IRQHandler                          0x08000737   Thumb Code     0  startup_stm32f10x_hd.o(.text)
    SPI3_IRQHandler                          0x08000737   Thumb Code     0  startup_stm32f10x_hd.o(.text)
    TAMPER_IRQHandler                        0x08000737   Thumb Code     0  startup_stm32f10x_hd.o(.text)
    TIM1_BRK_IRQHandler                      0x08000737   Thumb Code     0  startup_stm32f10x_hd.o(.text)
    TIM1_CC_IRQHandler                       0x08000737   Thumb Code     0  startup_stm32f10x_hd.o(.text)
    TIM1_TRG_COM_IRQHandler                  0x08000737   Thumb Code     0  startup_stm32f10x_hd.o(.text)
    TIM1_UP_IRQHandler                       0x08000737   Thumb Code     0  startup_stm32f10x_hd.o(.text)
    TIM2_IRQHandler                          0x08000737   Thumb Code     0  startup_stm32f10x_hd.o(.text)
    TIM3_IRQHandler                          0x08000737   Thumb Code     0  startup_stm32f10x_hd.o(.text)
    TIM4_IRQHandler                          0x08000737   Thumb Code     0  startup_stm32f10x_hd.o(.text)
    TIM5_IRQHandler                          0x08000737   Thumb Code     0  startup_stm32f10x_hd.o(.text)
    TIM6_IRQHandler                          0x08000737   Thumb Code     0  startup_stm32f10x_hd.o(.text)
    TIM7_IRQHandler                          0x08000737   Thumb Code     0  startup_stm32f10x_hd.o(.text)
    TIM8_BRK_IRQHandler                      0x08000737   Thumb Code     0  startup_stm32f10x_hd.o(.text)
    TIM8_CC_IRQHandler                       0x08000737   Thumb Code     0  startup_stm32f10x_hd.o(.text)
    TIM8_TRG_COM_IRQHandler                  0x08000737   Thumb Code     0  startup_stm32f10x_hd.o(.text)
    TIM8_UP_IRQHandler                       0x08000737   Thumb Code     0  startup_stm32f10x_hd.o(.text)
    UART4_IRQHandler                         0x08000737   Thumb Code     0  startup_stm32f10x_hd.o(.text)
    UART5_IRQHandler                         0x08000737   Thumb Code     0  startup_stm32f10x_hd.o(.text)
    USART1_IRQHandler                        0x08000737   Thumb Code     0  startup_stm32f10x_hd.o(.text)
    USART2_IRQHandler                        0x08000737   Thumb Code     0  startup_stm32f10x_hd.o(.text)
    USART3_IRQHandler                        0x08000737   Thumb Code     0  startup_stm32f10x_hd.o(.text)
    USBWakeUp_IRQHandler                     0x08000737   Thumb Code     0  startup_stm32f10x_hd.o(.text)
    USB_HP_CAN1_TX_IRQHandler                0x08000737   Thumb Code     0  startup_stm32f10x_hd.o(.text)
    USB_LP_CAN1_RX0_IRQHandler               0x08000737   Thumb Code     0  startup_stm32f10x_hd.o(.text)
    WWDG_IRQHandler                          0x08000737   Thumb Code     0  startup_stm32f10x_hd.o(.text)
    __aeabi_memcpy                           0x08000741   Thumb Code    36  memcpya.o(.text)
    __aeabi_memcpy4                          0x08000741   Thumb Code     0  memcpya.o(.text)
    __aeabi_memcpy8                          0x08000741   Thumb Code     0  memcpya.o(.text)
    __aeabi_memset                           0x08000765   Thumb Code    14  memseta.o(.text)
    __aeabi_memset4                          0x08000765   Thumb Code     0  memseta.o(.text)
    __aeabi_memset8                          0x08000765   Thumb Code     0  memseta.o(.text)
    __aeabi_memclr                           0x08000773   Thumb Code     4  memseta.o(.text)
    __aeabi_memclr4                          0x08000773   Thumb Code     0  memseta.o(.text)
    __aeabi_memclr8                          0x08000773   Thumb Code     0  memseta.o(.text)
    _memset$wrapper                          0x08000777   Thumb Code    18  memseta.o(.text)
    __aeabi_uidiv                            0x08000789   Thumb Code     0  uidiv.o(.text)
    __aeabi_uidivmod                         0x08000789   Thumb Code    44  uidiv.o(.text)
    __scatterload                            0x080007b5   Thumb Code    28  init.o(.text)
    __scatterload_rt2                        0x080007b5   Thumb Code     0  init.o(.text)
    __decompress                             0x080007d9   Thumb Code     0  __dczerorl.o(.text)
    __decompress0                            0x080007d9   Thumb Code    58  __dczerorl.o(.text)
    ADC_ClearFlag                            0x08000813   Thumb Code     6  stm32f10x_adc.o(i.ADC_ClearFlag)
    ADC_Cmd                                  0x08000819   Thumb Code    24  stm32f10x_adc.o(i.ADC_Cmd)
    ADC_DeInit                               0x08000831   Thumb Code    88  stm32f10x_adc.o(i.ADC_DeInit)
    ADC_GetCalibrationStatus                 0x08000895   Thumb Code    14  stm32f10x_adc.o(i.ADC_GetCalibrationStatus)
    ADC_GetConversionValue                   0x080008a3   Thumb Code     6  stm32f10x_adc.o(i.ADC_GetConversionValue)
    ADC_GetFlagStatus                        0x080008a9   Thumb Code    14  stm32f10x_adc.o(i.ADC_GetFlagStatus)
    ADC_GetResetCalibrationStatus            0x080008b7   Thumb Code    14  stm32f10x_adc.o(i.ADC_GetResetCalibrationStatus)
    ADC_Init                                 0x080008c5   Thumb Code    62  stm32f10x_adc.o(i.ADC_Init)
    ADC_RegularChannelConfig                 0x0800090d   Thumb Code   116  stm32f10x_adc.o(i.ADC_RegularChannelConfig)
    ADC_ResetCalibration                     0x08000981   Thumb Code    10  stm32f10x_adc.o(i.ADC_ResetCalibration)
    ADC_SoftwareStartConvCmd                 0x0800098b   Thumb Code    24  stm32f10x_adc.o(i.ADC_SoftwareStartConvCmd)
    ADC_StartCalibration                     0x080009a3   Thumb Code    10  stm32f10x_adc.o(i.ADC_StartCalibration)
    ADC_TempSensorVrefintCmd                 0x080009ad   Thumb Code    26  stm32f10x_adc.o(i.ADC_TempSensorVrefintCmd)
    DMA1_Channel1_Event                      0x080009cd   Thumb Code     2  dma_stm32f10x.o(i.DMA1_Channel1_Event)
    DMA1_Channel1_IRQHandler                 0x080009d1   Thumb Code    18  dma_stm32f10x.o(i.DMA1_Channel1_IRQHandler)
    DMA1_Channel2_Event                      0x080009e9   Thumb Code     2  dma_stm32f10x.o(i.DMA1_Channel2_Event)
    DMA1_Channel2_IRQHandler                 0x080009ed   Thumb Code    20  dma_stm32f10x.o(i.DMA1_Channel2_IRQHandler)
    DMA1_Channel3_Event                      0x08000a05   Thumb Code     2  dma_stm32f10x.o(i.DMA1_Channel3_Event)
    DMA1_Channel3_IRQHandler                 0x08000a09   Thumb Code    20  dma_stm32f10x.o(i.DMA1_Channel3_IRQHandler)
    DMA1_Channel4_Event                      0x08000a21   Thumb Code     2  dma_stm32f10x.o(i.DMA1_Channel4_Event)
    DMA1_Channel4_IRQHandler                 0x08000a25   Thumb Code    20  dma_stm32f10x.o(i.DMA1_Channel4_IRQHandler)
    DMA1_Channel5_Event                      0x08000a3d   Thumb Code     2  dma_stm32f10x.o(i.DMA1_Channel5_Event)
    DMA1_Channel5_IRQHandler                 0x08000a41   Thumb Code    20  dma_stm32f10x.o(i.DMA1_Channel5_IRQHandler)
    DMA1_Channel6_Event                      0x08000a59   Thumb Code     2  dma_stm32f10x.o(i.DMA1_Channel6_Event)
    DMA1_Channel6_IRQHandler                 0x08000a5d   Thumb Code    20  dma_stm32f10x.o(i.DMA1_Channel6_IRQHandler)
    DMA1_Channel7_Event                      0x08000a75   Thumb Code     2  dma_stm32f10x.o(i.DMA1_Channel7_Event)
    DMA1_Channel7_IRQHandler                 0x08000a79   Thumb Code    20  dma_stm32f10x.o(i.DMA1_Channel7_IRQHandler)
    DMA2_Channel1_Event                      0x08000a91   Thumb Code     2  dma_stm32f10x.o(i.DMA2_Channel1_Event)
    DMA2_Channel1_IRQHandler                 0x08000a95   Thumb Code    22  dma_stm32f10x.o(i.DMA2_Channel1_IRQHandler)
    DMA2_Channel2_Event                      0x08000ab1   Thumb Code     2  dma_stm32f10x.o(i.DMA2_Channel2_Event)
    DMA2_Channel2_IRQHandler                 0x08000ab5   Thumb Code    24  dma_stm32f10x.o(i.DMA2_Channel2_IRQHandler)
    DMA2_Channel3_Event                      0x08000ad1   Thumb Code     2  dma_stm32f10x.o(i.DMA2_Channel3_Event)
    DMA2_Channel3_IRQHandler                 0x08000ad5   Thumb Code    24  dma_stm32f10x.o(i.DMA2_Channel3_IRQHandler)
    DMA2_Channel4_5_IRQHandler               0x08000af1   Thumb Code    44  dma_stm32f10x.o(i.DMA2_Channel4_5_IRQHandler)
    DMA2_Channel4_Event                      0x08000b21   Thumb Code     2  dma_stm32f10x.o(i.DMA2_Channel4_Event)
    DMA2_Channel5_Event                      0x08000b23   Thumb Code     2  dma_stm32f10x.o(i.DMA2_Channel5_Event)
    EvrRtxEventFlagsWaitTimeout              0x08000b25   Thumb Code     2  rtx_evr.o(i.EvrRtxEventFlagsWaitTimeout)
    EvrRtxKernelError                        0x08000b27   Thumb Code     2  rtx_evr.o(i.EvrRtxKernelError)
    EvrRtxKernelInitialize                   0x08000b29   Thumb Code     2  rtx_evr.o(i.EvrRtxKernelInitialize)
    EvrRtxKernelInitializeCompleted          0x08000b2b   Thumb Code     2  rtx_evr.o(i.EvrRtxKernelInitializeCompleted)
    EvrRtxKernelStart                        0x08000b2d   Thumb Code     2  rtx_evr.o(i.EvrRtxKernelStart)
    EvrRtxKernelStarted                      0x08000b2f   Thumb Code     2  rtx_evr.o(i.EvrRtxKernelStarted)
    EvrRtxMemoryAlloc                        0x08000b31   Thumb Code     2  rtx_evr.o(i.EvrRtxMemoryAlloc)
    EvrRtxMemoryBlockAlloc                   0x08000b33   Thumb Code     2  rtx_evr.o(i.EvrRtxMemoryBlockAlloc)
    EvrRtxMemoryBlockFree                    0x08000b35   Thumb Code     2  rtx_evr.o(i.EvrRtxMemoryBlockFree)
    EvrRtxMemoryBlockInit                    0x08000b37   Thumb Code     2  rtx_evr.o(i.EvrRtxMemoryBlockInit)
    EvrRtxMemoryFree                         0x08000b39   Thumb Code     2  rtx_evr.o(i.EvrRtxMemoryFree)
    EvrRtxMemoryInit                         0x08000b3b   Thumb Code     2  rtx_evr.o(i.EvrRtxMemoryInit)
    EvrRtxMemoryPoolAllocTimeout             0x08000b3d   Thumb Code     2  rtx_evr.o(i.EvrRtxMemoryPoolAllocTimeout)
    EvrRtxMessageQueueError                  0x08000b3f   Thumb Code     2  rtx_evr.o(i.EvrRtxMessageQueueError)
    EvrRtxMessageQueueGetTimeout             0x08000b41   Thumb Code     2  rtx_evr.o(i.EvrRtxMessageQueueGetTimeout)
    EvrRtxMessageQueueInsertPending          0x08000b43   Thumb Code     2  rtx_evr.o(i.EvrRtxMessageQueueInsertPending)
    EvrRtxMessageQueueInserted               0x08000b45   Thumb Code     2  rtx_evr.o(i.EvrRtxMessageQueueInserted)
    EvrRtxMessageQueueNotInserted            0x08000b47   Thumb Code     2  rtx_evr.o(i.EvrRtxMessageQueueNotInserted)
    EvrRtxMessageQueuePut                    0x08000b49   Thumb Code     2  rtx_evr.o(i.EvrRtxMessageQueuePut)
    EvrRtxMessageQueuePutPending             0x08000b4b   Thumb Code     2  rtx_evr.o(i.EvrRtxMessageQueuePutPending)
    EvrRtxMessageQueuePutTimeout             0x08000b4d   Thumb Code     2  rtx_evr.o(i.EvrRtxMessageQueuePutTimeout)
    EvrRtxMessageQueueRetrieved              0x08000b4f   Thumb Code     2  rtx_evr.o(i.EvrRtxMessageQueueRetrieved)
    EvrRtxMutexAcquireTimeout                0x08000b51   Thumb Code     2  rtx_evr.o(i.EvrRtxMutexAcquireTimeout)
    EvrRtxMutexAcquired                      0x08000b53   Thumb Code     2  rtx_evr.o(i.EvrRtxMutexAcquired)
    EvrRtxMutexReleased                      0x08000b55   Thumb Code     2  rtx_evr.o(i.EvrRtxMutexReleased)
    EvrRtxSemaphoreAcquireTimeout            0x08000b57   Thumb Code     2  rtx_evr.o(i.EvrRtxSemaphoreAcquireTimeout)
    EvrRtxThreadBlocked                      0x08000b59   Thumb Code     2  rtx_evr.o(i.EvrRtxThreadBlocked)
    EvrRtxThreadCreated                      0x08000b5b   Thumb Code     2  rtx_evr.o(i.EvrRtxThreadCreated)
    EvrRtxThreadDelayCompleted               0x08000b5d   Thumb Code     2  rtx_evr.o(i.EvrRtxThreadDelayCompleted)
    EvrRtxThreadDestroyed                    0x08000b5f   Thumb Code     2  rtx_evr.o(i.EvrRtxThreadDestroyed)
    EvrRtxThreadError                        0x08000b61   Thumb Code     2  rtx_evr.o(i.EvrRtxThreadError)
    EvrRtxThreadExit                         0x08000b63   Thumb Code     2  rtx_evr.o(i.EvrRtxThreadExit)
    EvrRtxThreadFlagsWaitCompleted           0x08000b65   Thumb Code     2  rtx_evr.o(i.EvrRtxThreadFlagsWaitCompleted)
    EvrRtxThreadFlagsWaitTimeout             0x08000b67   Thumb Code     2  rtx_evr.o(i.EvrRtxThreadFlagsWaitTimeout)
    EvrRtxThreadJoined                       0x08000b69   Thumb Code     2  rtx_evr.o(i.EvrRtxThreadJoined)
    EvrRtxThreadNew                          0x08000b6b   Thumb Code     2  rtx_evr.o(i.EvrRtxThreadNew)
    EvrRtxThreadSwitch                       0x08000b6d   Thumb Code     2  rtx_evr.o(i.EvrRtxThreadSwitch)
    EvrRtxThreadUnblocked                    0x08000b6f   Thumb Code     2  rtx_evr.o(i.EvrRtxThreadUnblocked)
    GPIO_Init                                0x08000b87   Thumb Code   166  stm32f10x_gpio.o(i.GPIO_Init)
    I2C1_ER_IRQHandler                       0x08000c2d   Thumb Code     6  i2c_stm32f10x.o(i.I2C1_ER_IRQHandler)
    I2C1_EV_IRQHandler                       0x08000c39   Thumb Code     6  i2c_stm32f10x.o(i.I2C1_EV_IRQHandler)
    ITM_SendChar                             0x08001161   Thumb Code    32  retarget_io.o(i.ITM_SendChar)
    RCC_ADCCLKConfig                         0x080011c9   Thumb Code    14  stm32f10x_rcc.o(i.RCC_ADCCLKConfig)
    RCC_APB2PeriphClockCmd                   0x080011dd   Thumb Code    22  stm32f10x_rcc.o(i.RCC_APB2PeriphClockCmd)
    RCC_APB2PeriphResetCmd                   0x080011f9   Thumb Code    22  stm32f10x_rcc.o(i.RCC_APB2PeriphResetCmd)
    SystemCoreClockUpdate                    0x080012c9   Thumb Code   106  system_stm32f10x.o(i.SystemCoreClockUpdate)
    SystemInit                               0x08001345   Thumb Code    64  system_stm32f10x.o(i.SystemInit)
    __0printf$1                              0x08001415   Thumb Code    22  printf1.o(i.__0printf$1)
    __1printf$1                              0x08001415   Thumb Code     0  printf1.o(i.__0printf$1)
    __2printf                                0x08001415   Thumb Code     0  printf1.o(i.__0printf$1)
    __scatterload_copy                       0x08001435   Thumb Code    14  handlers.o(i.__scatterload_copy)
    __scatterload_null                       0x08001443   Thumb Code     2  handlers.o(i.__scatterload_null)
    __scatterload_zeroinit                   0x08001445   Thumb Code    14  handlers.o(i.__scatterload_zeroinit)
    app_main                                 0x080015a9   Thumb Code   206  main.o(i.app_main)
    fputc                                    0x080016b5   Thumb Code    26  retarget_io.o(i.fputc)
    main                                     0x08001739   Thumb Code    24  main.o(i.main)
    osKernelInitialize                       0x08001755   Thumb Code    68  rtx_kernel.o(i.osKernelInitialize)
    osKernelStart                            0x0800179d   Thumb Code    68  rtx_kernel.o(i.osKernelStart)
    osMessageQueuePut                        0x080017e5   Thumb Code   186  rtx_msgqueue.o(i.osMessageQueuePut)
    osRtxErrorNotify                         0x080018a5   Thumb Code     2  rtx_config.o(i.osRtxErrorNotify)
    osRtxIdleThread                          0x080018a7   Thumb Code     2  rtx_config.o(i.osRtxIdleThread)
    osRtxMemoryAlloc                         0x080018a9   Thumb Code   126  rtx_memory.o(i.osRtxMemoryAlloc)
    osRtxMemoryFree                          0x08001927   Thumb Code    84  rtx_memory.o(i.osRtxMemoryFree)
    osRtxMemoryInit                          0x0800197b   Thumb Code    60  rtx_memory.o(i.osRtxMemoryInit)
    osRtxMemoryPoolAlloc                     0x080019b7   Thumb Code    60  rtx_mempool.o(i.osRtxMemoryPoolAlloc)
    osRtxMemoryPoolFree                      0x080019f3   Thumb Code    80  rtx_mempool.o(i.osRtxMemoryPoolFree)
    osRtxMemoryPoolInit                      0x08001a43   Thumb Code    72  rtx_mempool.o(i.osRtxMemoryPoolInit)
    osRtxMutexOwnerRelease                   0x08001a8b   Thumb Code    82  rtx_mutex.o(i.osRtxMutexOwnerRelease)
    osRtxPendSV_Handler                      0x08001add   Thumb Code    70  rtx_system.o(i.osRtxPendSV_Handler)
    osRtxPostProcess                         0x08001b29   Thumb Code    46  rtx_system.o(i.osRtxPostProcess)
    osRtxSysTimerAckIRQ                      0x08001b61   Thumb Code     8  rtx_system.o(i.osRtxSysTimerAckIRQ)
    osRtxSysTimerEnable                      0x08001b69   Thumb Code    10  rtx_system.o(i.osRtxSysTimerEnable)
    osRtxSysTimerSetup                       0x08001b75   Thumb Code    34  rtx_system.o(i.osRtxSysTimerSetup)
    osRtxThreadBlock                         0x08001ba5   Thumb Code    44  rtx_thread.o(i.osRtxThreadBlock)
    osRtxThreadDelayInsert                   0x08001bd5   Thumb Code    86  rtx_thread.o(i.osRtxThreadDelayInsert)
    osRtxThreadDelayRemove                   0x08001c31   Thumb Code    92  rtx_thread.o(i.osRtxThreadDelayRemove)
    osRtxThreadDelayTick                     0x08001c91   Thumb Code   188  rtx_thread.o(i.osRtxThreadDelayTick)
    osRtxThreadDispatch                      0x08001d51   Thumb Code   110  rtx_thread.o(i.osRtxThreadDispatch)
    osRtxThreadListGet                       0x08001e19   Thumb Code    24  rtx_thread.o(i.osRtxThreadListGet)
    osRtxThreadListPut                       0x08001e31   Thumb Code    42  rtx_thread.o(i.osRtxThreadListPut)
    osRtxThreadListRemove                    0x08001e5b   Thumb Code    24  rtx_thread.o(i.osRtxThreadListRemove)
    osRtxThreadListRoot                      0x08001e73   Thumb Code    16  rtx_thread.o(i.osRtxThreadListRoot)
    osRtxThreadPostProcess                   0x08001e83   Thumb Code    64  rtx_thread.o(i.osRtxThreadPostProcess)
    osRtxThreadReadyPut                      0x08001ec5   Thumb Code    12  rtx_thread.o(i.osRtxThreadReadyPut)
    osRtxThreadRegPtr                        0x08001ed5   Thumb Code     6  rtx_thread.o(i.osRtxThreadRegPtr)
    osRtxThreadStackCheck                    0x08001edd   Thumb Code    32  rtx_thread.o(i.osRtxThreadStackCheck)
    osRtxThreadSwitch                        0x08001f05   Thumb Code    26  rtx_thread.o(i.osRtxThreadSwitch)
    osRtxThreadWaitEnter                     0x08001f25   Thumb Code    76  rtx_thread.o(i.osRtxThreadWaitEnter)
    osRtxThreadWaitExit                      0x08001f75   Thumb Code    52  rtx_thread.o(i.osRtxThreadWaitExit)
    osRtxTick_Handler                        0x08001fa9   Thumb Code   120  rtx_system.o(i.osRtxTick_Handler)
    osRtxTimerTick                           0x08002025   Thumb Code    82  rtx_timer.o(i.osRtxTimerTick)
    osThreadExit                             0x0800207d   Thumb Code    22  rtx_thread.o(i.osThreadExit)
    osThreadNew                              0x08002099   Thumb Code    86  rtx_thread.o(i.osThreadNew)
    svcRtxKernelInitialize                   0x080020fd   Thumb Code   434  rtx_kernel.o(i.svcRtxKernelInitialize)
    svcRtxKernelStart                        0x080022bd   Thumb Code   134  rtx_kernel.o(i.svcRtxKernelStart)
    svcRtxMessageQueuePut                    0x08002355   Thumb Code   256  rtx_msgqueue.o(i.svcRtxMessageQueuePut)
    svcRtxThreadExit                         0x08002459   Thumb Code   112  rtx_thread.o(i.svcRtxThreadExit)
    svcRtxThreadNew                          0x080024cd   Thumb Code   518  rtx_thread.o(i.svcRtxThreadNew)
    osRtxUserSVC                             0x08002748   Data           4  rtx_lib.o(.constdata)
    osRtxConfig                              0x08002788   Data         104  rtx_lib.o(.rodata)
    Region$$Table$$Base                      0x080027f0   Number         0  anon$$obj.o(Region$$Table)
    Region$$Table$$Limit                     0x08002810   Number         0  anon$$obj.o(Region$$Table)
    AD_value                                 0x200012e0   Data           2  main.o(.data)
    SystemCoreClock                          0x200012e4   Data           4  system_stm32f10x.o(.data)
    AHBPrescTable                            0x200012e8   Data          16  system_stm32f10x.o(.data)
    __stdout                                 0x200012f8   Data           4  stdout.o(.data)
    __stderr                                 0x200012fc   Data           4  stderr.o(.data)
    osRtxInfo                                0x20001300   Data         168  rtx_kernel.o(.data.os)
    __initial_sp                             0x200017c8   Data           0  startup_stm32f10x_hd.o(STACK)



==============================================================================

Memory Map of the image

  Image Entry point : 0x0800071d

  Load Region LR_1 (Base: 0x08000000, Size: 0x00003bb8, Max: 0xffffffff, ABSOLUTE, COMPRESSED[0x00002850])

    Execution Region ER_RO (Exec base: 0x08000000, Load base: 0x08000000, Size: 0x00002810, Max: 0xffffffff, ABSOLUTE)

    Exec Addr    Load Addr    Size         Type   Attr      Idx    E Section Name        Object

    0x08000000   0x08000000   0x00000130   Data   RO         5677    RESET               startup_stm32f10x_hd.o
    0x08000130   0x08000130   0x00000000   Code   RO         5728  * .ARM.Collect$$$$00000000  mc_w.l(entry.o)
    0x08000130   0x08000130   0x00000004   Code   RO         6005    .ARM.Collect$$$$00000001  mc_w.l(entry2.o)
    0x08000134   0x08000134   0x00000004   Code   RO         6008    .ARM.Collect$$$$00000004  mc_w.l(entry5.o)
    0x08000138   0x08000138   0x00000000   Code   RO         6010    .ARM.Collect$$$$00000008  mc_w.l(entry7b.o)
    0x08000138   0x08000138   0x00000000   Code   RO         6012    .ARM.Collect$$$$0000000A  mc_w.l(entry8b.o)
    0x08000138   0x08000138   0x00000008   Code   RO         6013    .ARM.Collect$$$$0000000B  mc_w.l(entry9a.o)
    0x08000140   0x08000140   0x00000000   Code   RO         6015    .ARM.Collect$$$$0000000D  mc_w.l(entry10a.o)
    0x08000140   0x08000140   0x00000000   Code   RO         6017    .ARM.Collect$$$$0000000F  mc_w.l(entry11a.o)
    0x08000140   0x08000140   0x00000004   Code   RO         6006    .ARM.Collect$$$$00002712  mc_w.l(entry2.o)
    0x08000144   0x08000144   0x00000154   Code   RO         1652    .emb_text           rtx_mempool.o
    0x08000298   0x08000298   0x00000154   Code   RO         1806    .emb_text           rtx_msgqueue.o
    0x080003ec   0x080003ec   0x00000154   Code   RO         2182    .emb_text           rtx_system.o
    0x08000540   0x08000540   0x00000154   Code   RO         2279    .emb_text           rtx_thread.o
    0x08000694   0x08000694   0x00000088   Code   RO          119    .text               irq_cm3.o
    0x0800071c   0x0800071c   0x00000024   Code   RO         5678  * .text               startup_stm32f10x_hd.o
    0x08000740   0x08000740   0x00000024   Code   RO         5738    .text               mc_w.l(memcpya.o)
    0x08000764   0x08000764   0x00000024   Code   RO         5740    .text               mc_w.l(memseta.o)
    0x08000788   0x08000788   0x0000002c   Code   RO         6019    .text               mc_w.l(uidiv.o)
    0x080007b4   0x080007b4   0x00000024   Code   RO         6034    .text               mc_w.l(init.o)
    0x080007d8   0x080007d8   0x0000003a   Code   RO         6052    .text               mc_w.l(__dczerorl.o)
    0x08000812   0x08000812   0x00000006   Code   RO         3159    i.ADC_ClearFlag     stm32f10x_adc.o
    0x08000818   0x08000818   0x00000018   Code   RO         3161    i.ADC_Cmd           stm32f10x_adc.o
    0x08000830   0x08000830   0x00000064   Code   RO         3163    i.ADC_DeInit        stm32f10x_adc.o
    0x08000894   0x08000894   0x0000000e   Code   RO         3169    i.ADC_GetCalibrationStatus  stm32f10x_adc.o
    0x080008a2   0x080008a2   0x00000006   Code   RO         3170    i.ADC_GetConversionValue  stm32f10x_adc.o
    0x080008a8   0x080008a8   0x0000000e   Code   RO         3172    i.ADC_GetFlagStatus  stm32f10x_adc.o
    0x080008b6   0x080008b6   0x0000000e   Code   RO         3175    i.ADC_GetResetCalibrationStatus  stm32f10x_adc.o
    0x080008c4   0x080008c4   0x00000048   Code   RO         3179    i.ADC_Init          stm32f10x_adc.o
    0x0800090c   0x0800090c   0x00000074   Code   RO         3183    i.ADC_RegularChannelConfig  stm32f10x_adc.o
    0x08000980   0x08000980   0x0000000a   Code   RO         3184    i.ADC_ResetCalibration  stm32f10x_adc.o
    0x0800098a   0x0800098a   0x00000018   Code   RO         3186    i.ADC_SoftwareStartConvCmd  stm32f10x_adc.o
    0x080009a2   0x080009a2   0x0000000a   Code   RO         3188    i.ADC_StartCalibration  stm32f10x_adc.o
    0x080009ac   0x080009ac   0x00000020   Code   RO         3190    i.ADC_TempSensorVrefintCmd  stm32f10x_adc.o
    0x080009cc   0x080009cc   0x00000002   Code   RO         5420    i.DMA1_Channel1_Event  dma_stm32f10x.o
    0x080009ce   0x080009ce   0x00000002   PAD
    0x080009d0   0x080009d0   0x00000018   Code   RO         5421    i.DMA1_Channel1_IRQHandler  dma_stm32f10x.o
    0x080009e8   0x080009e8   0x00000002   Code   RO         5422    i.DMA1_Channel2_Event  dma_stm32f10x.o
    0x080009ea   0x080009ea   0x00000002   PAD
    0x080009ec   0x080009ec   0x00000018   Code   RO         5423    i.DMA1_Channel2_IRQHandler  dma_stm32f10x.o
    0x08000a04   0x08000a04   0x00000002   Code   RO         5424    i.DMA1_Channel3_Event  dma_stm32f10x.o
    0x08000a06   0x08000a06   0x00000002   PAD
    0x08000a08   0x08000a08   0x00000018   Code   RO         5425    i.DMA1_Channel3_IRQHandler  dma_stm32f10x.o
    0x08000a20   0x08000a20   0x00000002   Code   RO         5426    i.DMA1_Channel4_Event  dma_stm32f10x.o
    0x08000a22   0x08000a22   0x00000002   PAD
    0x08000a24   0x08000a24   0x00000018   Code   RO         5427    i.DMA1_Channel4_IRQHandler  dma_stm32f10x.o
    0x08000a3c   0x08000a3c   0x00000002   Code   RO         5428    i.DMA1_Channel5_Event  dma_stm32f10x.o
    0x08000a3e   0x08000a3e   0x00000002   PAD
    0x08000a40   0x08000a40   0x00000018   Code   RO         5429    i.DMA1_Channel5_IRQHandler  dma_stm32f10x.o
    0x08000a58   0x08000a58   0x00000002   Code   RO         5430    i.DMA1_Channel6_Event  dma_stm32f10x.o
    0x08000a5a   0x08000a5a   0x00000002   PAD
    0x08000a5c   0x08000a5c   0x00000018   Code   RO         5431    i.DMA1_Channel6_IRQHandler  dma_stm32f10x.o
    0x08000a74   0x08000a74   0x00000002   Code   RO         5432    i.DMA1_Channel7_Event  dma_stm32f10x.o
    0x08000a76   0x08000a76   0x00000002   PAD
    0x08000a78   0x08000a78   0x00000018   Code   RO         5433    i.DMA1_Channel7_IRQHandler  dma_stm32f10x.o
    0x08000a90   0x08000a90   0x00000002   Code   RO         5434    i.DMA2_Channel1_Event  dma_stm32f10x.o
    0x08000a92   0x08000a92   0x00000002   PAD
    0x08000a94   0x08000a94   0x0000001c   Code   RO         5435    i.DMA2_Channel1_IRQHandler  dma_stm32f10x.o
    0x08000ab0   0x08000ab0   0x00000002   Code   RO         5436    i.DMA2_Channel2_Event  dma_stm32f10x.o
    0x08000ab2   0x08000ab2   0x00000002   PAD
    0x08000ab4   0x08000ab4   0x0000001c   Code   RO         5437    i.DMA2_Channel2_IRQHandler  dma_stm32f10x.o
    0x08000ad0   0x08000ad0   0x00000002   Code   RO         5438    i.DMA2_Channel3_Event  dma_stm32f10x.o
    0x08000ad2   0x08000ad2   0x00000002   PAD
    0x08000ad4   0x08000ad4   0x0000001c   Code   RO         5439    i.DMA2_Channel3_IRQHandler  dma_stm32f10x.o
    0x08000af0   0x08000af0   0x00000030   Code   RO         5440    i.DMA2_Channel4_5_IRQHandler  dma_stm32f10x.o
    0x08000b20   0x08000b20   0x00000002   Code   RO         5441    i.DMA2_Channel4_Event  dma_stm32f10x.o
    0x08000b22   0x08000b22   0x00000002   Code   RO         5443    i.DMA2_Channel5_Event  dma_stm32f10x.o
    0x08000b24   0x08000b24   0x00000002   Code   RO          354    i.EvrRtxEventFlagsWaitTimeout  rtx_evr.o
    0x08000b26   0x08000b26   0x00000002   Code   RO          355    i.EvrRtxKernelError  rtx_evr.o
    0x08000b28   0x08000b28   0x00000002   Code   RO          363    i.EvrRtxKernelInitialize  rtx_evr.o
    0x08000b2a   0x08000b2a   0x00000002   Code   RO          364    i.EvrRtxKernelInitializeCompleted  rtx_evr.o
    0x08000b2c   0x08000b2c   0x00000002   Code   RO          371    i.EvrRtxKernelStart  rtx_evr.o
    0x08000b2e   0x08000b2e   0x00000002   Code   RO          372    i.EvrRtxKernelStarted  rtx_evr.o
    0x08000b30   0x08000b30   0x00000002   Code   RO          377    i.EvrRtxMemoryAlloc  rtx_evr.o
    0x08000b32   0x08000b32   0x00000002   Code   RO          378    i.EvrRtxMemoryBlockAlloc  rtx_evr.o
    0x08000b34   0x08000b34   0x00000002   Code   RO          379    i.EvrRtxMemoryBlockFree  rtx_evr.o
    0x08000b36   0x08000b36   0x00000002   Code   RO          380    i.EvrRtxMemoryBlockInit  rtx_evr.o
    0x08000b38   0x08000b38   0x00000002   Code   RO          381    i.EvrRtxMemoryFree  rtx_evr.o
    0x08000b3a   0x08000b3a   0x00000002   Code   RO          382    i.EvrRtxMemoryInit  rtx_evr.o
    0x08000b3c   0x08000b3c   0x00000002   Code   RO          386    i.EvrRtxMemoryPoolAllocTimeout  rtx_evr.o
    0x08000b3e   0x08000b3e   0x00000002   Code   RO          404    i.EvrRtxMessageQueueError  rtx_evr.o
    0x08000b40   0x08000b40   0x00000002   Code   RO          412    i.EvrRtxMessageQueueGetTimeout  rtx_evr.o
    0x08000b42   0x08000b42   0x00000002   Code   RO          413    i.EvrRtxMessageQueueInsertPending  rtx_evr.o
    0x08000b44   0x08000b44   0x00000002   Code   RO          414    i.EvrRtxMessageQueueInserted  rtx_evr.o
    0x08000b46   0x08000b46   0x00000002   Code   RO          416    i.EvrRtxMessageQueueNotInserted  rtx_evr.o
    0x08000b48   0x08000b48   0x00000002   Code   RO          418    i.EvrRtxMessageQueuePut  rtx_evr.o
    0x08000b4a   0x08000b4a   0x00000002   Code   RO          419    i.EvrRtxMessageQueuePutPending  rtx_evr.o
    0x08000b4c   0x08000b4c   0x00000002   Code   RO          420    i.EvrRtxMessageQueuePutTimeout  rtx_evr.o
    0x08000b4e   0x08000b4e   0x00000002   Code   RO          423    i.EvrRtxMessageQueueRetrieved  rtx_evr.o
    0x08000b50   0x08000b50   0x00000002   Code   RO          426    i.EvrRtxMutexAcquireTimeout  rtx_evr.o
    0x08000b52   0x08000b52   0x00000002   Code   RO          427    i.EvrRtxMutexAcquired  rtx_evr.o
    0x08000b54   0x08000b54   0x00000002   Code   RO          437    i.EvrRtxMutexReleased  rtx_evr.o
    0x08000b56   0x08000b56   0x00000002   Code   RO          440    i.EvrRtxSemaphoreAcquireTimeout  rtx_evr.o
    0x08000b58   0x08000b58   0x00000002   Code   RO          452    i.EvrRtxThreadBlocked  rtx_evr.o
    0x08000b5a   0x08000b5a   0x00000002   Code   RO          453    i.EvrRtxThreadCreated  rtx_evr.o
    0x08000b5c   0x08000b5c   0x00000002   Code   RO          455    i.EvrRtxThreadDelayCompleted  rtx_evr.o
    0x08000b5e   0x08000b5e   0x00000002   Code   RO          457    i.EvrRtxThreadDestroyed  rtx_evr.o
    0x08000b60   0x08000b60   0x00000002   Code   RO          461    i.EvrRtxThreadError  rtx_evr.o
    0x08000b62   0x08000b62   0x00000002   Code   RO          462    i.EvrRtxThreadExit  rtx_evr.o
    0x08000b64   0x08000b64   0x00000002   Code   RO          469    i.EvrRtxThreadFlagsWaitCompleted  rtx_evr.o
    0x08000b66   0x08000b66   0x00000002   Code   RO          472    i.EvrRtxThreadFlagsWaitTimeout  rtx_evr.o
    0x08000b68   0x08000b68   0x00000002   Code   RO          482    i.EvrRtxThreadJoined  rtx_evr.o
    0x08000b6a   0x08000b6a   0x00000002   Code   RO          483    i.EvrRtxThreadNew   rtx_evr.o
    0x08000b6c   0x08000b6c   0x00000002   Code   RO          489    i.EvrRtxThreadSwitch  rtx_evr.o
    0x08000b6e   0x08000b6e   0x00000002   Code   RO          491    i.EvrRtxThreadUnblocked  rtx_evr.o
    0x08000b70   0x08000b70   0x00000016   Code   RO         1358    i.ExtTick_EnableIRQ  rtx_kernel.o
    0x08000b86   0x08000b86   0x000000a6   Code   RO         3838    i.GPIO_Init         stm32f10x_gpio.o
    0x08000c2c   0x08000c2c   0x0000000c   Code   RO         2836    i.I2C1_ER_IRQHandler  i2c_stm32f10x.o
    0x08000c38   0x08000c38   0x0000000c   Code   RO         2837    i.I2C1_EV_IRQHandler  i2c_stm32f10x.o
    0x08000c44   0x08000c44   0x000000e2   Code   RO         2850    i.I2C_ER_IRQHandler  i2c_stm32f10x.o
    0x08000d26   0x08000d26   0x00000438   Code   RO         2851    i.I2C_EV_IRQHandler  i2c_stm32f10x.o
    0x0800115e   0x0800115e   0x00000002   PAD
    0x08001160   0x08001160   0x00000024   Code   RO         3025    i.ITM_SendChar      retarget_io.o
    0x08001184   0x08001184   0x00000042   Code   RO         1808    i.MessageQueuePut   rtx_msgqueue.o
    0x080011c6   0x080011c6   0x00000002   PAD
    0x080011c8   0x080011c8   0x00000014   Code   RO         4300    i.RCC_ADCCLKConfig  stm32f10x_rcc.o
    0x080011dc   0x080011dc   0x0000001c   Code   RO         4304    i.RCC_APB2PeriphClockCmd  stm32f10x_rcc.o
    0x080011f8   0x080011f8   0x0000001c   Code   RO         4305    i.RCC_APB2PeriphResetCmd  stm32f10x_rcc.o
    0x08001214   0x08001214   0x00000004   Code   RO         5685    i.SetSysClock       system_stm32f10x.o
    0x08001218   0x08001218   0x000000b0   Code   RO         5686    i.SetSysClockTo72   system_stm32f10x.o
    0x080012c8   0x080012c8   0x0000007c   Code   RO         5687    i.SystemCoreClockUpdate  system_stm32f10x.o
    0x08001344   0x08001344   0x00000050   Code   RO         5688    i.SystemInit        system_stm32f10x.o
    0x08001394   0x08001394   0x0000002e   Code   RO         2280    i.ThreadFlagsCheck  rtx_thread.o
    0x080013c2   0x080013c2   0x00000002   PAD
    0x080013c4   0x080013c4   0x00000038   Code   RO         2685    i.TimerInsert       rtx_timer.o
    0x080013fc   0x080013fc   0x00000018   Code   RO         2687    i.TimerUnlink       rtx_timer.o
    0x08001414   0x08001414   0x00000020   Code   RO         5789    i.__0printf$1       mc_w.l(printf1.o)
    0x08001434   0x08001434   0x0000000e   Code   RO         6046    i.__scatterload_copy  mc_w.l(handlers.o)
    0x08001442   0x08001442   0x00000002   Code   RO         6047    i.__scatterload_null  mc_w.l(handlers.o)
    0x08001444   0x08001444   0x0000000e   Code   RO         6048    i.__scatterload_zeroinit  mc_w.l(handlers.o)
    0x08001452   0x08001452   0x00000002   PAD
    0x08001454   0x08001454   0x00000154   Code   RO         5796    i._printf_core      mc_w.l(printf1.o)
    0x080015a8   0x080015a8   0x0000010c   Code   RO            4    i.app_main          main.o
    0x080016b4   0x080016b4   0x00000024   Code   RO         3030    i.fputc             retarget_io.o
    0x080016d8   0x080016d8   0x0000002c   Code   RO         2184    i.isr_queue_get     rtx_system.o
    0x08001704   0x08001704   0x00000034   Code   RO         2185    i.isr_queue_put     rtx_system.o
    0x08001738   0x08001738   0x0000001c   Code   RO            5    i.main              main.o
    0x08001754   0x08001754   0x00000048   Code   RO         1367    i.osKernelInitialize  rtx_kernel.o
    0x0800179c   0x0800179c   0x00000048   Code   RO         1371    i.osKernelStart     rtx_kernel.o
    0x080017e4   0x080017e4   0x000000c0   Code   RO         1818    i.osMessageQueuePut  rtx_msgqueue.o
    0x080018a4   0x080018a4   0x00000002   Code   RO         2805    i.osRtxErrorNotify  rtx_config.o
    0x080018a6   0x080018a6   0x00000002   Code   RO         2806    i.osRtxIdleThread   rtx_config.o
    0x080018a8   0x080018a8   0x0000007e   Code   RO         1613    i.osRtxMemoryAlloc  rtx_memory.o
    0x08001926   0x08001926   0x00000054   Code   RO         1614    i.osRtxMemoryFree   rtx_memory.o
    0x0800197a   0x0800197a   0x0000003c   Code   RO         1615    i.osRtxMemoryInit   rtx_memory.o
    0x080019b6   0x080019b6   0x0000003c   Code   RO         1662    i.osRtxMemoryPoolAlloc  rtx_mempool.o
    0x080019f2   0x080019f2   0x00000050   Code   RO         1663    i.osRtxMemoryPoolFree  rtx_mempool.o
    0x08001a42   0x08001a42   0x00000048   Code   RO         1664    i.osRtxMemoryPoolInit  rtx_mempool.o
    0x08001a8a   0x08001a8a   0x00000052   Code   RO         1979    i.osRtxMutexOwnerRelease  rtx_mutex.o
    0x08001adc   0x08001adc   0x0000004c   Code   RO         2186    i.osRtxPendSV_Handler  rtx_system.o
    0x08001b28   0x08001b28   0x00000038   Code   RO         2187    i.osRtxPostProcess  rtx_system.o
    0x08001b60   0x08001b60   0x00000008   Code   RO         2188    i.osRtxSysTimerAckIRQ  rtx_system.o
    0x08001b68   0x08001b68   0x0000000a   Code   RO         2190    i.osRtxSysTimerEnable  rtx_system.o
    0x08001b72   0x08001b72   0x00000002   PAD
    0x08001b74   0x08001b74   0x00000030   Code   RO         2193    i.osRtxSysTimerSetup  rtx_system.o
    0x08001ba4   0x08001ba4   0x00000030   Code   RO         2283    i.osRtxThreadBlock  rtx_thread.o
    0x08001bd4   0x08001bd4   0x0000005c   Code   RO         2284    i.osRtxThreadDelayInsert  rtx_thread.o
    0x08001c30   0x08001c30   0x00000060   Code   RO         2285    i.osRtxThreadDelayRemove  rtx_thread.o
    0x08001c90   0x08001c90   0x000000c0   Code   RO         2286    i.osRtxThreadDelayTick  rtx_thread.o
    0x08001d50   0x08001d50   0x00000074   Code   RO         2287    i.osRtxThreadDispatch  rtx_thread.o
    0x08001dc4   0x08001dc4   0x00000054   Code   RO         2288    i.osRtxThreadFree   rtx_thread.o
    0x08001e18   0x08001e18   0x00000018   Code   RO         2289    i.osRtxThreadListGet  rtx_thread.o
    0x08001e30   0x08001e30   0x0000002a   Code   RO         2290    i.osRtxThreadListPut  rtx_thread.o
    0x08001e5a   0x08001e5a   0x00000018   Code   RO         2291    i.osRtxThreadListRemove  rtx_thread.o
    0x08001e72   0x08001e72   0x00000010   Code   RO         2292    i.osRtxThreadListRoot  rtx_thread.o
    0x08001e82   0x08001e82   0x00000040   Code   RO         2295    i.osRtxThreadPostProcess  rtx_thread.o
    0x08001ec2   0x08001ec2   0x00000002   PAD
    0x08001ec4   0x08001ec4   0x00000010   Code   RO         2296    i.osRtxThreadReadyPut  rtx_thread.o
    0x08001ed4   0x08001ed4   0x00000006   Code   RO         2297    i.osRtxThreadRegPtr  rtx_thread.o
    0x08001eda   0x08001eda   0x00000002   PAD
    0x08001edc   0x08001edc   0x00000028   Code   RO         2298    i.osRtxThreadStackCheck  rtx_thread.o
    0x08001f04   0x08001f04   0x00000020   Code   RO         2299    i.osRtxThreadSwitch  rtx_thread.o
    0x08001f24   0x08001f24   0x00000050   Code   RO         2300    i.osRtxThreadWaitEnter  rtx_thread.o
    0x08001f74   0x08001f74   0x00000034   Code   RO         2301    i.osRtxThreadWaitExit  rtx_thread.o
    0x08001fa8   0x08001fa8   0x0000007c   Code   RO         2194    i.osRtxTick_Handler  rtx_system.o
    0x08002024   0x08002024   0x00000058   Code   RO         2689    i.osRtxTimerTick    rtx_timer.o
    0x0800207c   0x0800207c   0x0000001c   Code   RO         2304    i.osThreadExit      rtx_thread.o
    0x08002098   0x08002098   0x0000005c   Code   RO         2317    i.osThreadNew       rtx_thread.o
    0x080020f4   0x080020f4   0x00000004   Code   RO         3031    i.stderr_putchar    retarget_io.o
    0x080020f8   0x080020f8   0x00000004   Code   RO         3033    i.stdout_putchar    retarget_io.o
    0x080020fc   0x080020fc   0x000001c0   Code   RO         1380    i.svcRtxKernelInitialize  rtx_kernel.o
    0x080022bc   0x080022bc   0x00000098   Code   RO         1384    i.svcRtxKernelStart  rtx_kernel.o
    0x08002354   0x08002354   0x00000104   Code   RO         1829    i.svcRtxMessageQueuePut  rtx_msgqueue.o
    0x08002458   0x08002458   0x00000074   Code   RO         2325    i.svcRtxThreadExit  rtx_thread.o
    0x080024cc   0x080024cc   0x0000021c   Code   RO         2338    i.svcRtxThreadNew   rtx_thread.o
    0x080026e8   0x080026e8   0x00000024   Data   RO         1581    .constdata          rtx_lib.o
    0x0800270c   0x0800270c   0x00000024   Data   RO         1582    .constdata          rtx_lib.o
    0x08002730   0x08002730   0x00000018   Data   RO         1583    .constdata          rtx_lib.o
    0x08002748   0x08002748   0x00000004   Data   RO         1584    .constdata          rtx_lib.o
    0x0800274c   0x0800274c   0x00000030   Data   RO         2865    .constdata          i2c_stm32f10x.o
    0x0800277c   0x0800277c   0x0000000b   Data   RO         1387    .conststrlit        rtx_kernel.o
    0x08002787   0x08002787   0x00000001   PAD
    0x08002788   0x08002788   0x00000068   Data   RO         1586    .rodata             rtx_lib.o
    0x080027f0   0x080027f0   0x00000020   Data   RO         6044    Region$$Table       anon$$obj.o


    Execution Region ER_RW (Exec base: 0x20000000, Load base: 0x08002810, Size: 0x000013a8, Max: 0xffffffff, ABSOLUTE, COMPRESSED[0x00000040])

    Exec Addr    Load Addr    Size         Type   Attr      Idx    E Section Name        Object

    0x20000000   COMPRESSED   0x00001000   Data   RW         1573    .bss.os             rtx_lib.o
    0x20001000   COMPRESSED   0x00000040   Data   RW         1574    .bss.os             rtx_lib.o
    0x20001040   COMPRESSED   0x00000034   Data   RW         1575    .bss.os.msgqueue.cb  rtx_lib.o
    0x20001074   COMPRESSED   0x00000050   Data   RW         1576    .bss.os.msgqueue.mem  rtx_lib.o
    0x200010c4   COMPRESSED   0x00000044   Data   RW         1577    .bss.os.thread.cb   rtx_lib.o
    0x20001108   COMPRESSED   0x00000044   Data   RW         1578    .bss.os.thread.cb   rtx_lib.o
    0x2000114c   COMPRESSED   0x00000004   PAD
    0x20001150   COMPRESSED   0x000000c8   Data   RW         1579    .bss.os.thread.stack  rtx_lib.o
    0x20001218   COMPRESSED   0x000000c8   Data   RW         1580    .bss.os.thread.stack  rtx_lib.o
    0x200012e0   COMPRESSED   0x00000002   Data   RW            6    .data               main.o
    0x200012e2   COMPRESSED   0x00000002   PAD
    0x200012e4   COMPRESSED   0x00000014   Data   RW         5689    .data               system_stm32f10x.o
    0x200012f8   COMPRESSED   0x00000004   Data   RW         5736    .data               mc_w.l(stdout.o)
    0x200012fc   COMPRESSED   0x00000004   Data   RW         5737    .data               mc_w.l(stderr.o)
    0x20001300   COMPRESSED   0x000000a8   Data   RW         1389    .data.os            rtx_kernel.o


    Execution Region ER_ZI (Exec base: 0x200013a8, Load base: 0x08002850, Size: 0x00000420, Max: 0xffffffff, ABSOLUTE)

    Exec Addr    Load Addr    Size         Type   Attr      Idx    E Section Name        Object

    0x200013a8        -       0x0000001c   Zero   RW         2864    .bss                i2c_stm32f10x.o
    0x200013c4   0x08002850   0x00000004   PAD
    0x200013c8        -       0x00000400   Zero   RW         5675    STACK               startup_stm32f10x_hd.o


==============================================================================

Image component sizes


      Code (inc. data)   RO Data    RW Data    ZI Data      Debug   Object Name

       324         48          0          0          0      12179   dma_stm32f10x.o
      1330         12         48          0         28      12152   i2c_stm32f10x.o
       136         10          0          0          0        556   irq_cm3.o
       296         66          0          2          0     230205   main.o
        80         14          0          0          0       3263   retarget_io.o
         4          0          0          0          0        873   rtx_config.o
         0          0          0          0          0      10760   rtx_delay.o
         0          0          0          0          0       1116   rtx_evflags.o
        76          0          0          0          0      27645   rtx_evr.o
       766         40         11        168          0      19905   rtx_kernel.o
         0          0        204       4828          0       7960   rtx_lib.o
       270          0          0          0          0       3195   rtx_memory.o
       552          0          0          0          0       3847   rtx_mempool.o
       858         10          0          0          0       9684   rtx_msgqueue.o
        82          0          0          0          0       1445   rtx_mutex.o
       758         50          0          0          0      12070   rtx_system.o
      2186         90          0          0          0      21120   rtx_thread.o
       168         18          0          0          0       1725   rtx_timer.o
        36          8        304          0       1024        796   startup_stm32f10x_hd.o
       442         28          0          0          0      10649   stm32f10x_adc.o
       166          0          0          0          0       2152   stm32f10x_gpio.o
        76         18          0          0          0       1813   stm32f10x_rcc.o
       384         44          0         20          0       2853   system_stm32f10x.o

    ----------------------------------------------------------------------
      9022        456        600       5024       1056     397963   Object Totals
         0          0         32          0          0          0   (incl. Generated)
        32          0          1          6          4          0   (incl. Padding)

    ----------------------------------------------------------------------

      Code (inc. data)   RO Data    RW Data    ZI Data      Debug   Library Member Name

        58          0          0          0          0          0   __dczerorl.o
         0          0          0          0          0          0   entry.o
         0          0          0          0          0          0   entry10a.o
         0          0          0          0          0          0   entry11a.o
         8          4          0          0          0          0   entry2.o
         4          0          0          0          0          0   entry5.o
         0          0          0          0          0          0   entry7b.o
         0          0          0          0          0          0   entry8b.o
         8          4          0          0          0          0   entry9a.o
        30          0          0          0          0          0   handlers.o
        36          8          0          0          0         68   init.o
        36          0          0          0          0         68   memcpya.o
        36          0          0          0          0        108   memseta.o
       372         14          0          0          0        184   printf1.o
         0          0          0          4          0          0   stderr.o
         0          0          0          4          0          0   stdout.o
        44          0          0          0          0         80   uidiv.o

    ----------------------------------------------------------------------
       634         30          0          8          0        508   Library Totals
         2          0          0          0          0          0   (incl. Padding)

    ----------------------------------------------------------------------

      Code (inc. data)   RO Data    RW Data    ZI Data      Debug   Library Name

       632         30          0          8          0        508   mc_w.l

    ----------------------------------------------------------------------
       634         30          0          8          0        508   Library Totals

    ----------------------------------------------------------------------

==============================================================================


      Code (inc. data)   RO Data    RW Data    ZI Data      Debug   

      9656        486        600       5032       1056     391059   Grand Totals
      9656        486        600         64       1056     391059   ELF Image Totals (compressed)
      9656        486        600         64          0          0   ROM Totals

==============================================================================

    Total RO  Size (Code + RO Data)                10256 (  10.02kB)
    Total RW  Size (RW Data + ZI Data)              6088 (   5.95kB)
    Total ROM Size (Code + RO Data + RW Data)      10320 (  10.08kB)

==============================================================================

